unused ; 000__1_0 - HngrAmb0
unused ; 000__1_0 - HngrAmb1
unused ; 000__1_0 - HngrAmb2
unused ; 000__1_0 - HngrAmb3
unused ; 000__1_0 - HngrAmb4
unused ; 000__1_0 - HngrAmb5
unused ; 000__1_0 - HngrAmb6
unused ; 000__1_0 - HngrAmb7
unused ; 000__1_0 - HngrAmb8
unused ; 000__1_0 - HngrAmb9
unused ; 001_0_0_Xwing - HngrAmb0
unused ; 001_0_0_Xwing - HngrAmb1
unused ; 001_0_0_Xwing - HngrAmb2
unused ; 001_0_0_Xwing - HngrAmb3
unused ; 001_0_0_Xwing - HngrAmb4
unused ; 001_0_0_Xwing - HngrAmb5
unused ; 001_0_0_Xwing - HngrAmb6
unused ; 001_0_0_Xwing - HngrAmb7
unused ; 001_0_0_Xwing - HngrAmb8
unused ; 001_0_0_Xwing - HngrAmb9
unused ; 002_0_1_Ywing - HngrAmb0
unused ; 002_0_1_Ywing - HngrAmb1
unused ; 002_0_1_Ywing - HngrAmb2
unused ; 002_0_1_Ywing - HngrAmb3
unused ; 002_0_1_Ywing - HngrAmb4
unused ; 002_0_1_Ywing - HngrAmb5
unused ; 002_0_1_Ywing - HngrAmb6
unused ; 002_0_1_Ywing - HngrAmb7
unused ; 002_0_1_Ywing - HngrAmb8
unused ; 002_0_1_Ywing - HngrAmb9
unused ; 003_0_2_Awing - HngrAmb0
unused ; 003_0_2_Awing - HngrAmb1
unused ; 003_0_2_Awing - HngrAmb2
unused ; 003_0_2_Awing - HngrAmb3
unused ; 003_0_2_Awing - HngrAmb4
unused ; 003_0_2_Awing - HngrAmb5
unused ; 003_0_2_Awing - HngrAmb6
unused ; 003_0_2_Awing - HngrAmb7
unused ; 003_0_2_Awing - HngrAmb8
unused ; 003_0_2_Awing - HngrAmb9
unused ; 004_0_3_Bwing - HngrAmb0
unused ; 004_0_3_Bwing - HngrAmb1
unused ; 004_0_3_Bwing - HngrAmb2
unused ; 004_0_3_Bwing - HngrAmb3
unused ; 004_0_3_Bwing - HngrAmb4
unused ; 004_0_3_Bwing - HngrAmb5
unused ; 004_0_3_Bwing - HngrAmb6
unused ; 004_0_3_Bwing - HngrAmb7
unused ; 004_0_3_Bwing - HngrAmb8
unused ; 004_0_3_Bwing - HngrAmb9
unused ; 005_0_4_TieFighter - HngrAmb0
unused ; 005_0_4_TieFighter - HngrAmb1
unused ; 005_0_4_TieFighter - HngrAmb2
unused ; 005_0_4_TieFighter - HngrAmb3
unused ; 005_0_4_TieFighter - HngrAmb4
unused ; 005_0_4_TieFighter - HngrAmb5
unused ; 005_0_4_TieFighter - HngrAmb6
unused ; 005_0_4_TieFighter - HngrAmb7
unused ; 005_0_4_TieFighter - HngrAmb8
unused ; 005_0_4_TieFighter - HngrAmb9
unused ; 006_0_5_TieInterceptor - HngrAmb0
unused ; 006_0_5_TieInterceptor - HngrAmb1
unused ; 006_0_5_TieInterceptor - HngrAmb2
unused ; 006_0_5_TieInterceptor - HngrAmb3
unused ; 006_0_5_TieInterceptor - HngrAmb4
unused ; 006_0_5_TieInterceptor - HngrAmb5
unused ; 006_0_5_TieInterceptor - HngrAmb6
unused ; 006_0_5_TieInterceptor - HngrAmb7
unused ; 006_0_5_TieInterceptor - HngrAmb8
unused ; 006_0_5_TieInterceptor - HngrAmb9
unused ; 007_0_6_TieBomber - HngrAmb0
unused ; 007_0_6_TieBomber - HngrAmb1
unused ; 007_0_6_TieBomber - HngrAmb2
unused ; 007_0_6_TieBomber - HngrAmb3
unused ; 007_0_6_TieBomber - HngrAmb4
unused ; 007_0_6_TieBomber - HngrAmb5
unused ; 007_0_6_TieBomber - HngrAmb6
unused ; 007_0_6_TieBomber - HngrAmb7
unused ; 007_0_6_TieBomber - HngrAmb8
unused ; 007_0_6_TieBomber - HngrAmb9
unused ; 008_0_7_TieAdvanced - HngrAmb0
unused ; 008_0_7_TieAdvanced - HngrAmb1
unused ; 008_0_7_TieAdvanced - HngrAmb2
unused ; 008_0_7_TieAdvanced - HngrAmb3
unused ; 008_0_7_TieAdvanced - HngrAmb4
unused ; 008_0_7_TieAdvanced - HngrAmb5
unused ; 008_0_7_TieAdvanced - HngrAmb6
unused ; 008_0_7_TieAdvanced - HngrAmb7
unused ; 008_0_7_TieAdvanced - HngrAmb8
unused ; 008_0_7_TieAdvanced - HngrAmb9
unused ; 009_0_8_TieDefender - HngrAmb0
unused ; 009_0_8_TieDefender - HngrAmb1
unused ; 009_0_8_TieDefender - HngrAmb2
unused ; 009_0_8_TieDefender - HngrAmb3
unused ; 009_0_8_TieDefender - HngrAmb4
unused ; 009_0_8_TieDefender - HngrAmb5
unused ; 009_0_8_TieDefender - HngrAmb6
unused ; 009_0_8_TieDefender - HngrAmb7
unused ; 009_0_8_TieDefender - HngrAmb8
unused ; 009_0_8_TieDefender - HngrAmb9
unused ; 010_0_9_IrdFighter - HngrAmb0
unused ; 010_0_9_IrdFighter - HngrAmb1
unused ; 010_0_9_IrdFighter - HngrAmb2
unused ; 010_0_9_IrdFighter - HngrAmb3
unused ; 010_0_9_IrdFighter - HngrAmb4
unused ; 010_0_9_IrdFighter - HngrAmb5
unused ; 010_0_9_IrdFighter - HngrAmb6
unused ; 010_0_9_IrdFighter - HngrAmb7
unused ; 010_0_9_IrdFighter - HngrAmb8
unused ; 010_0_9_IrdFighter - HngrAmb9
unused ; 011_0_10_ToscanFighter - HngrAmb0
unused ; 011_0_10_ToscanFighter - HngrAmb1
unused ; 011_0_10_ToscanFighter - HngrAmb2
unused ; 011_0_10_ToscanFighter - HngrAmb3
unused ; 011_0_10_ToscanFighter - HngrAmb4
unused ; 011_0_10_ToscanFighter - HngrAmb5
unused ; 011_0_10_ToscanFighter - HngrAmb6
unused ; 011_0_10_ToscanFighter - HngrAmb7
unused ; 011_0_10_ToscanFighter - HngrAmb8
unused ; 011_0_10_ToscanFighter - HngrAmb9
unused ; 012_0_11_MissileBoat - HngrAmb0
unused ; 012_0_11_MissileBoat - HngrAmb1
unused ; 012_0_11_MissileBoat - HngrAmb2
unused ; 012_0_11_MissileBoat - HngrAmb3
unused ; 012_0_11_MissileBoat - HngrAmb4
unused ; 012_0_11_MissileBoat - HngrAmb5
unused ; 012_0_11_MissileBoat - HngrAmb6
unused ; 012_0_11_MissileBoat - HngrAmb7
unused ; 012_0_11_MissileBoat - HngrAmb8
unused ; 012_0_11_MissileBoat - HngrAmb9
unused ; 013_0_12_Twing - HngrAmb0
unused ; 013_0_12_Twing - HngrAmb1
unused ; 013_0_12_Twing - HngrAmb2
unused ; 013_0_12_Twing - HngrAmb3
unused ; 013_0_12_Twing - HngrAmb4
unused ; 013_0_12_Twing - HngrAmb5
unused ; 013_0_12_Twing - HngrAmb6
unused ; 013_0_12_Twing - HngrAmb7
unused ; 013_0_12_Twing - HngrAmb8
unused ; 013_0_12_Twing - HngrAmb9
unused ; 014_0_13_Z_95 - HngrAmb0
unused ; 014_0_13_Z_95 - HngrAmb1
unused ; 014_0_13_Z_95 - HngrAmb2
unused ; 014_0_13_Z_95 - HngrAmb3
unused ; 014_0_13_Z_95 - HngrAmb4
unused ; 014_0_13_Z_95 - HngrAmb5
unused ; 014_0_13_Z_95 - HngrAmb6
unused ; 014_0_13_Z_95 - HngrAmb7
unused ; 014_0_13_Z_95 - HngrAmb8
unused ; 014_0_13_Z_95 - HngrAmb9
unused ; 015_0_14_R41 - HngrAmb0
unused ; 015_0_14_R41 - HngrAmb1
unused ; 015_0_14_R41 - HngrAmb2
unused ; 015_0_14_R41 - HngrAmb3
unused ; 015_0_14_R41 - HngrAmb4
unused ; 015_0_14_R41 - HngrAmb5
unused ; 015_0_14_R41 - HngrAmb6
unused ; 015_0_14_R41 - HngrAmb7
unused ; 015_0_14_R41 - HngrAmb8
unused ; 015_0_14_R41 - HngrAmb9
unused ; 016_0_15_AssaultGunboat - HngrAmb0
unused ; 016_0_15_AssaultGunboat - HngrAmb1
unused ; 016_0_15_AssaultGunboat - HngrAmb2
unused ; 016_0_15_AssaultGunboat - HngrAmb3
unused ; 016_0_15_AssaultGunboat - HngrAmb4
unused ; 016_0_15_AssaultGunboat - HngrAmb5
unused ; 016_0_15_AssaultGunboat - HngrAmb6
unused ; 016_0_15_AssaultGunboat - HngrAmb7
unused ; 016_0_15_AssaultGunboat - HngrAmb8
unused ; 016_0_15_AssaultGunboat - HngrAmb9
unused ; 017_0_16_SkiprayBlastBoat - HngrAmb0
unused ; 017_0_16_SkiprayBlastBoat - HngrAmb1
unused ; 017_0_16_SkiprayBlastBoat - HngrAmb2
unused ; 017_0_16_SkiprayBlastBoat - HngrAmb3
unused ; 017_0_16_SkiprayBlastBoat - HngrAmb4
unused ; 017_0_16_SkiprayBlastBoat - HngrAmb5
unused ; 017_0_16_SkiprayBlastBoat - HngrAmb6
unused ; 017_0_16_SkiprayBlastBoat - HngrAmb7
unused ; 017_0_16_SkiprayBlastBoat - HngrAmb8
unused ; 017_0_16_SkiprayBlastBoat - HngrAmb9
unused ; 018_0_17_TieBizarro - HngrAmb0
unused ; 018_0_17_TieBizarro - HngrAmb1
unused ; 018_0_17_TieBizarro - HngrAmb2
unused ; 018_0_17_TieBizarro - HngrAmb3
unused ; 018_0_17_TieBizarro - HngrAmb4
unused ; 018_0_17_TieBizarro - HngrAmb5
unused ; 018_0_17_TieBizarro - HngrAmb6
unused ; 018_0_17_TieBizarro - HngrAmb7
unused ; 018_0_17_TieBizarro - HngrAmb8
unused ; 018_0_17_TieBizarro - HngrAmb9
unused ; 019_0_18_TieBigGun - HngrAmb0
unused ; 019_0_18_TieBigGun - HngrAmb1
unused ; 019_0_18_TieBigGun - HngrAmb2
unused ; 019_0_18_TieBigGun - HngrAmb3
unused ; 019_0_18_TieBigGun - HngrAmb4
unused ; 019_0_18_TieBigGun - HngrAmb5
unused ; 019_0_18_TieBigGun - HngrAmb6
unused ; 019_0_18_TieBigGun - HngrAmb7
unused ; 019_0_18_TieBigGun - HngrAmb8
unused ; 019_0_18_TieBigGun - HngrAmb9
unused ; 020_0_19_TieWarheads - HngrAmb0
unused ; 020_0_19_TieWarheads - HngrAmb1
unused ; 020_0_19_TieWarheads - HngrAmb2
unused ; 020_0_19_TieWarheads - HngrAmb3
unused ; 020_0_19_TieWarheads - HngrAmb4
unused ; 020_0_19_TieWarheads - HngrAmb5
unused ; 020_0_19_TieWarheads - HngrAmb6
unused ; 020_0_19_TieWarheads - HngrAmb7
unused ; 020_0_19_TieWarheads - HngrAmb8
unused ; 020_0_19_TieWarheads - HngrAmb9
unused ; 021_0_20_TieBomb - HngrAmb0
unused ; 021_0_20_TieBomb - HngrAmb1
unused ; 021_0_20_TieBomb - HngrAmb2
unused ; 021_0_20_TieBomb - HngrAmb3
unused ; 021_0_20_TieBomb - HngrAmb4
unused ; 021_0_20_TieBomb - HngrAmb5
unused ; 021_0_20_TieBomb - HngrAmb6
unused ; 021_0_20_TieBomb - HngrAmb7
unused ; 021_0_20_TieBomb - HngrAmb8
unused ; 021_0_20_TieBomb - HngrAmb9
unused ; 022_0_21_TieBooster - HngrAmb0
unused ; 022_0_21_TieBooster - HngrAmb1
unused ; 022_0_21_TieBooster - HngrAmb2
unused ; 022_0_21_TieBooster - HngrAmb3
unused ; 022_0_21_TieBooster - HngrAmb4
unused ; 022_0_21_TieBooster - HngrAmb5
unused ; 022_0_21_TieBooster - HngrAmb6
unused ; 022_0_21_TieBooster - HngrAmb7
unused ; 022_0_21_TieBooster - HngrAmb8
unused ; 022_0_21_TieBooster - HngrAmb9
unused ; 023_0_22_CloakshapeFighter - HngrAmb0
unused ; 023_0_22_CloakshapeFighter - HngrAmb1
unused ; 023_0_22_CloakshapeFighter - HngrAmb2
unused ; 023_0_22_CloakshapeFighter - HngrAmb3
unused ; 023_0_22_CloakshapeFighter - HngrAmb4
unused ; 023_0_22_CloakshapeFighter - HngrAmb5
unused ; 023_0_22_CloakshapeFighter - HngrAmb6
unused ; 023_0_22_CloakshapeFighter - HngrAmb7
unused ; 023_0_22_CloakshapeFighter - HngrAmb8
unused ; 023_0_22_CloakshapeFighter - HngrAmb9
unused ; 024_0_23_RazorFighter - HngrAmb0
unused ; 024_0_23_RazorFighter - HngrAmb1
unused ; 024_0_23_RazorFighter - HngrAmb2
unused ; 024_0_23_RazorFighter - HngrAmb3
unused ; 024_0_23_RazorFighter - HngrAmb4
unused ; 024_0_23_RazorFighter - HngrAmb5
unused ; 024_0_23_RazorFighter - HngrAmb6
unused ; 024_0_23_RazorFighter - HngrAmb7
unused ; 024_0_23_RazorFighter - HngrAmb8
unused ; 024_0_23_RazorFighter - HngrAmb9
unused ; 025_0_24_PlanetaryFighter - HngrAmb0
unused ; 025_0_24_PlanetaryFighter - HngrAmb1
unused ; 025_0_24_PlanetaryFighter - HngrAmb2
unused ; 025_0_24_PlanetaryFighter - HngrAmb3
unused ; 025_0_24_PlanetaryFighter - HngrAmb4
unused ; 025_0_24_PlanetaryFighter - HngrAmb5
unused ; 025_0_24_PlanetaryFighter - HngrAmb6
unused ; 025_0_24_PlanetaryFighter - HngrAmb7
unused ; 025_0_24_PlanetaryFighter - HngrAmb8
unused ; 025_0_24_PlanetaryFighter - HngrAmb9
unused ; 026_0_25_SupaFighter - HngrAmb0
unused ; 026_0_25_SupaFighter - HngrAmb1
unused ; 026_0_25_SupaFighter - HngrAmb2
unused ; 026_0_25_SupaFighter - HngrAmb3
unused ; 026_0_25_SupaFighter - HngrAmb4
unused ; 026_0_25_SupaFighter - HngrAmb5
unused ; 026_0_25_SupaFighter - HngrAmb6
unused ; 026_0_25_SupaFighter - HngrAmb7
unused ; 026_0_25_SupaFighter - HngrAmb8
unused ; 026_0_25_SupaFighter - HngrAmb9
unused ; 027_0_26_Piggyback - HngrAmb0
unused ; 027_0_26_Piggyback - HngrAmb1
unused ; 027_0_26_Piggyback - HngrAmb2
unused ; 027_0_26_Piggyback - HngrAmb3
unused ; 027_0_26_Piggyback - HngrAmb4
unused ; 027_0_26_Piggyback - HngrAmb5
unused ; 027_0_26_Piggyback - HngrAmb6
unused ; 027_0_26_Piggyback - HngrAmb7
unused ; 027_0_26_Piggyback - HngrAmb8
unused ; 027_0_26_Piggyback - HngrAmb9
unused ; 028_0_27_Booster - HngrAmb0
unused ; 028_0_27_Booster - HngrAmb1
unused ; 028_0_27_Booster - HngrAmb2
unused ; 028_0_27_Booster - HngrAmb3
unused ; 028_0_27_Booster - HngrAmb4
unused ; 028_0_27_Booster - HngrAmb5
unused ; 028_0_27_Booster - HngrAmb6
unused ; 028_0_27_Booster - HngrAmb7
unused ; 028_0_27_Booster - HngrAmb8
unused ; 028_0_27_Booster - HngrAmb9
unused ; 029_0_28_PreybirdFighter - HngrAmb0
unused ; 029_0_28_PreybirdFighter - HngrAmb1
unused ; 029_0_28_PreybirdFighter - HngrAmb2
unused ; 029_0_28_PreybirdFighter - HngrAmb3
unused ; 029_0_28_PreybirdFighter - HngrAmb4
unused ; 029_0_28_PreybirdFighter - HngrAmb5
unused ; 029_0_28_PreybirdFighter - HngrAmb6
unused ; 029_0_28_PreybirdFighter - HngrAmb7
unused ; 029_0_28_PreybirdFighter - HngrAmb8
unused ; 029_0_28_PreybirdFighter - HngrAmb9
unused ; 030_0_29_Xwing - HngrAmb0
unused ; 030_0_29_Xwing - HngrAmb1
unused ; 030_0_29_Xwing - HngrAmb2
unused ; 030_0_29_Xwing - HngrAmb3
unused ; 030_0_29_Xwing - HngrAmb4
unused ; 030_0_29_Xwing - HngrAmb5
unused ; 030_0_29_Xwing - HngrAmb6
unused ; 030_0_29_Xwing - HngrAmb7
unused ; 030_0_29_Xwing - HngrAmb8
unused ; 030_0_29_Xwing - HngrAmb9
unused ; 031_0_30_SlaveOne - HngrAmb0
unused ; 031_0_30_SlaveOne - HngrAmb1
unused ; 031_0_30_SlaveOne - HngrAmb2
unused ; 031_0_30_SlaveOne - HngrAmb3
unused ; 031_0_30_SlaveOne - HngrAmb4
unused ; 031_0_30_SlaveOne - HngrAmb5
unused ; 031_0_30_SlaveOne - HngrAmb6
unused ; 031_0_30_SlaveOne - HngrAmb7
unused ; 031_0_30_SlaveOne - HngrAmb8
unused ; 031_0_30_SlaveOne - HngrAmb9
unused ; 032_0_31_SlaveTwo - HngrAmb0
unused ; 032_0_31_SlaveTwo - HngrAmb1
unused ; 032_0_31_SlaveTwo - HngrAmb2
unused ; 032_0_31_SlaveTwo - HngrAmb3
unused ; 032_0_31_SlaveTwo - HngrAmb4
unused ; 032_0_31_SlaveTwo - HngrAmb5
unused ; 032_0_31_SlaveTwo - HngrAmb6
unused ; 032_0_31_SlaveTwo - HngrAmb7
unused ; 032_0_31_SlaveTwo - HngrAmb8
unused ; 032_0_31_SlaveTwo - HngrAmb9
unused ; 033__1_0 - HngrAmb0
unused ; 033__1_0 - HngrAmb1
unused ; 033__1_0 - HngrAmb2
unused ; 033__1_0 - HngrAmb3
unused ; 033__1_0 - HngrAmb4
unused ; 033__1_0 - HngrAmb5
unused ; 033__1_0 - HngrAmb6
unused ; 033__1_0 - HngrAmb7
unused ; 033__1_0 - HngrAmb8
unused ; 033__1_0 - HngrAmb9
unused ; 034__1_0 - HngrAmb0
unused ; 034__1_0 - HngrAmb1
unused ; 034__1_0 - HngrAmb2
unused ; 034__1_0 - HngrAmb3
unused ; 034__1_0 - HngrAmb4
unused ; 034__1_0 - HngrAmb5
unused ; 034__1_0 - HngrAmb6
unused ; 034__1_0 - HngrAmb7
unused ; 034__1_0 - HngrAmb8
unused ; 034__1_0 - HngrAmb9
unused ; 035__1_0 - HngrAmb0
unused ; 035__1_0 - HngrAmb1
unused ; 035__1_0 - HngrAmb2
unused ; 035__1_0 - HngrAmb3
unused ; 035__1_0 - HngrAmb4
unused ; 035__1_0 - HngrAmb5
unused ; 035__1_0 - HngrAmb6
unused ; 035__1_0 - HngrAmb7
unused ; 035__1_0 - HngrAmb8
unused ; 035__1_0 - HngrAmb9
unused ; 036__1_0 - HngrAmb0
unused ; 036__1_0 - HngrAmb1
unused ; 036__1_0 - HngrAmb2
unused ; 036__1_0 - HngrAmb3
unused ; 036__1_0 - HngrAmb4
unused ; 036__1_0 - HngrAmb5
unused ; 036__1_0 - HngrAmb6
unused ; 036__1_0 - HngrAmb7
unused ; 036__1_0 - HngrAmb8
unused ; 036__1_0 - HngrAmb9
unused ; 037__1_0 - HngrAmb0
unused ; 037__1_0 - HngrAmb1
unused ; 037__1_0 - HngrAmb2
unused ; 037__1_0 - HngrAmb3
unused ; 037__1_0 - HngrAmb4
unused ; 037__1_0 - HngrAmb5
unused ; 037__1_0 - HngrAmb6
unused ; 037__1_0 - HngrAmb7
unused ; 037__1_0 - HngrAmb8
unused ; 037__1_0 - HngrAmb9
unused ; 038__1_0 - HngrAmb0
unused ; 038__1_0 - HngrAmb1
unused ; 038__1_0 - HngrAmb2
unused ; 038__1_0 - HngrAmb3
unused ; 038__1_0 - HngrAmb4
unused ; 038__1_0 - HngrAmb5
unused ; 038__1_0 - HngrAmb6
unused ; 038__1_0 - HngrAmb7
unused ; 038__1_0 - HngrAmb8
unused ; 038__1_0 - HngrAmb9
unused ; 039__1_0 - HngrAmb0
unused ; 039__1_0 - HngrAmb1
unused ; 039__1_0 - HngrAmb2
unused ; 039__1_0 - HngrAmb3
unused ; 039__1_0 - HngrAmb4
unused ; 039__1_0 - HngrAmb5
unused ; 039__1_0 - HngrAmb6
unused ; 039__1_0 - HngrAmb7
unused ; 039__1_0 - HngrAmb8
unused ; 039__1_0 - HngrAmb9
unused ; 040__1_0 - HngrAmb0
unused ; 040__1_0 - HngrAmb1
unused ; 040__1_0 - HngrAmb2
unused ; 040__1_0 - HngrAmb3
unused ; 040__1_0 - HngrAmb4
unused ; 040__1_0 - HngrAmb5
unused ; 040__1_0 - HngrAmb6
unused ; 040__1_0 - HngrAmb7
unused ; 040__1_0 - HngrAmb8
unused ; 040__1_0 - HngrAmb9
unused ; 041__1_0 - HngrAmb0
unused ; 041__1_0 - HngrAmb1
unused ; 041__1_0 - HngrAmb2
unused ; 041__1_0 - HngrAmb3
unused ; 041__1_0 - HngrAmb4
unused ; 041__1_0 - HngrAmb5
unused ; 041__1_0 - HngrAmb6
unused ; 041__1_0 - HngrAmb7
unused ; 041__1_0 - HngrAmb8
unused ; 041__1_0 - HngrAmb9
unused ; 042__1_0 - HngrAmb0
unused ; 042__1_0 - HngrAmb1
unused ; 042__1_0 - HngrAmb2
unused ; 042__1_0 - HngrAmb3
unused ; 042__1_0 - HngrAmb4
unused ; 042__1_0 - HngrAmb5
unused ; 042__1_0 - HngrAmb6
unused ; 042__1_0 - HngrAmb7
unused ; 042__1_0 - HngrAmb8
unused ; 042__1_0 - HngrAmb9
unused ; 043_0_32_Tug - HngrAmb0
unused ; 043_0_32_Tug - HngrAmb1
unused ; 043_0_32_Tug - HngrAmb2
unused ; 043_0_32_Tug - HngrAmb3
unused ; 043_0_32_Tug - HngrAmb4
unused ; 043_0_32_Tug - HngrAmb5
unused ; 043_0_32_Tug - HngrAmb6
unused ; 043_0_32_Tug - HngrAmb7
unused ; 043_0_32_Tug - HngrAmb8
unused ; 043_0_32_Tug - HngrAmb9
unused ; 044_0_33_CombatUtilityVehicle - HngrAmb0
unused ; 044_0_33_CombatUtilityVehicle - HngrAmb1
unused ; 044_0_33_CombatUtilityVehicle - HngrAmb2
unused ; 044_0_33_CombatUtilityVehicle - HngrAmb3
unused ; 044_0_33_CombatUtilityVehicle - HngrAmb4
unused ; 044_0_33_CombatUtilityVehicle - HngrAmb5
unused ; 044_0_33_CombatUtilityVehicle - HngrAmb6
unused ; 044_0_33_CombatUtilityVehicle - HngrAmb7
unused ; 044_0_33_CombatUtilityVehicle - HngrAmb8
unused ; 044_0_33_CombatUtilityVehicle - HngrAmb9
unused ; 045_0_34_HeavyLifter - HngrAmb0
unused ; 045_0_34_HeavyLifter - HngrAmb1
unused ; 045_0_34_HeavyLifter - HngrAmb2
unused ; 045_0_34_HeavyLifter - HngrAmb3
unused ; 045_0_34_HeavyLifter - HngrAmb4
unused ; 045_0_34_HeavyLifter - HngrAmb5
unused ; 045_0_34_HeavyLifter - HngrAmb6
unused ; 045_0_34_HeavyLifter - HngrAmb7
unused ; 045_0_34_HeavyLifter - HngrAmb8
unused ; 045_0_34_HeavyLifter - HngrAmb9
unused ; 046_0_35_MoleMiner - HngrAmb0
unused ; 046_0_35_MoleMiner - HngrAmb1
unused ; 046_0_35_MoleMiner - HngrAmb2
unused ; 046_0_35_MoleMiner - HngrAmb3
unused ; 046_0_35_MoleMiner - HngrAmb4
unused ; 046_0_35_MoleMiner - HngrAmb5
unused ; 046_0_35_MoleMiner - HngrAmb6
unused ; 046_0_35_MoleMiner - HngrAmb7
unused ; 046_0_35_MoleMiner - HngrAmb8
unused ; 046_0_35_MoleMiner - HngrAmb9
unused ; 047_0_36_EscapePod - HngrAmb0
unused ; 047_0_36_EscapePod - HngrAmb1
unused ; 047_0_36_EscapePod - HngrAmb2
unused ; 047_0_36_EscapePod - HngrAmb3
unused ; 047_0_36_EscapePod - HngrAmb4
unused ; 047_0_36_EscapePod - HngrAmb5
unused ; 047_0_36_EscapePod - HngrAmb6
unused ; 047_0_36_EscapePod - HngrAmb7
unused ; 047_0_36_EscapePod - HngrAmb8
unused ; 047_0_36_EscapePod - HngrAmb9
unused ; 048_0_153_EscapePodA - HngrAmb0
unused ; 048_0_153_EscapePodA - HngrAmb1
unused ; 048_0_153_EscapePodA - HngrAmb2
unused ; 048_0_153_EscapePodA - HngrAmb3
unused ; 048_0_153_EscapePodA - HngrAmb4
unused ; 048_0_153_EscapePodA - HngrAmb5
unused ; 048_0_153_EscapePodA - HngrAmb6
unused ; 048_0_153_EscapePodA - HngrAmb7
unused ; 048_0_153_EscapePodA - HngrAmb8
unused ; 048_0_153_EscapePodA - HngrAmb9
unused ; 049__1_0 - HngrAmb0
unused ; 049__1_0 - HngrAmb1
unused ; 049__1_0 - HngrAmb2
unused ; 049__1_0 - HngrAmb3
unused ; 049__1_0 - HngrAmb4
unused ; 049__1_0 - HngrAmb5
unused ; 049__1_0 - HngrAmb6
unused ; 049__1_0 - HngrAmb7
unused ; 049__1_0 - HngrAmb8
unused ; 049__1_0 - HngrAmb9
unused ; 050_0_37_Shuttle - HngrAmb0
unused ; 050_0_37_Shuttle - HngrAmb1
unused ; 050_0_37_Shuttle - HngrAmb2
unused ; 050_0_37_Shuttle - HngrAmb3
unused ; 050_0_37_Shuttle - HngrAmb4
unused ; 050_0_37_Shuttle - HngrAmb5
unused ; 050_0_37_Shuttle - HngrAmb6
unused ; 050_0_37_Shuttle - HngrAmb7
unused ; 050_0_37_Shuttle - HngrAmb8
unused ; 050_0_37_Shuttle - HngrAmb9
unused ; 051_0_38_EscortShuttle - HngrAmb0
unused ; 051_0_38_EscortShuttle - HngrAmb1
unused ; 051_0_38_EscortShuttle - HngrAmb2
unused ; 051_0_38_EscortShuttle - HngrAmb3
unused ; 051_0_38_EscortShuttle - HngrAmb4
unused ; 051_0_38_EscortShuttle - HngrAmb5
unused ; 051_0_38_EscortShuttle - HngrAmb6
unused ; 051_0_38_EscortShuttle - HngrAmb7
unused ; 051_0_38_EscortShuttle - HngrAmb8
unused ; 051_0_38_EscortShuttle - HngrAmb9
unused ; 052_0_39_StormtrooperTransport - HngrAmb0
unused ; 052_0_39_StormtrooperTransport - HngrAmb1
unused ; 052_0_39_StormtrooperTransport - HngrAmb2
unused ; 052_0_39_StormtrooperTransport - HngrAmb3
unused ; 052_0_39_StormtrooperTransport - HngrAmb4
unused ; 052_0_39_StormtrooperTransport - HngrAmb5
unused ; 052_0_39_StormtrooperTransport - HngrAmb6
unused ; 052_0_39_StormtrooperTransport - HngrAmb7
unused ; 052_0_39_StormtrooperTransport - HngrAmb8
unused ; 052_0_39_StormtrooperTransport - HngrAmb9
unused ; 053_0_40_AssaultTransport - HngrAmb0
unused ; 053_0_40_AssaultTransport - HngrAmb1
unused ; 053_0_40_AssaultTransport - HngrAmb2
unused ; 053_0_40_AssaultTransport - HngrAmb3
unused ; 053_0_40_AssaultTransport - HngrAmb4
unused ; 053_0_40_AssaultTransport - HngrAmb5
unused ; 053_0_40_AssaultTransport - HngrAmb6
unused ; 053_0_40_AssaultTransport - HngrAmb7
unused ; 053_0_40_AssaultTransport - HngrAmb8
unused ; 053_0_40_AssaultTransport - HngrAmb9
unused ; 054_0_41_EscortTransport - HngrAmb0
unused ; 054_0_41_EscortTransport - HngrAmb1
unused ; 054_0_41_EscortTransport - HngrAmb2
unused ; 054_0_41_EscortTransport - HngrAmb3
unused ; 054_0_41_EscortTransport - HngrAmb4
unused ; 054_0_41_EscortTransport - HngrAmb5
unused ; 054_0_41_EscortTransport - HngrAmb6
unused ; 054_0_41_EscortTransport - HngrAmb7
unused ; 054_0_41_EscortTransport - HngrAmb8
unused ; 054_0_41_EscortTransport - HngrAmb9
unused ; 055_0_42_SystemPatrolCraft - HngrAmb0
unused ; 055_0_42_SystemPatrolCraft - HngrAmb1
unused ; 055_0_42_SystemPatrolCraft - HngrAmb2
unused ; 055_0_42_SystemPatrolCraft - HngrAmb3
unused ; 055_0_42_SystemPatrolCraft - HngrAmb4
unused ; 055_0_42_SystemPatrolCraft - HngrAmb5
unused ; 055_0_42_SystemPatrolCraft - HngrAmb6
unused ; 055_0_42_SystemPatrolCraft - HngrAmb7
unused ; 055_0_42_SystemPatrolCraft - HngrAmb8
unused ; 055_0_42_SystemPatrolCraft - HngrAmb9
unused ; 056_0_43_ScoutCraft - HngrAmb0
unused ; 056_0_43_ScoutCraft - HngrAmb1
unused ; 056_0_43_ScoutCraft - HngrAmb2
unused ; 056_0_43_ScoutCraft - HngrAmb3
unused ; 056_0_43_ScoutCraft - HngrAmb4
unused ; 056_0_43_ScoutCraft - HngrAmb5
unused ; 056_0_43_ScoutCraft - HngrAmb6
unused ; 056_0_43_ScoutCraft - HngrAmb7
unused ; 056_0_43_ScoutCraft - HngrAmb8
unused ; 056_0_43_ScoutCraft - HngrAmb9
unused ; 057_0_44_MuurianTransport - HngrAmb0
unused ; 057_0_44_MuurianTransport - HngrAmb1
unused ; 057_0_44_MuurianTransport - HngrAmb2
unused ; 057_0_44_MuurianTransport - HngrAmb3
unused ; 057_0_44_MuurianTransport - HngrAmb4
unused ; 057_0_44_MuurianTransport - HngrAmb5
unused ; 057_0_44_MuurianTransport - HngrAmb6
unused ; 057_0_44_MuurianTransport - HngrAmb7
unused ; 057_0_44_MuurianTransport - HngrAmb8
unused ; 057_0_44_MuurianTransport - HngrAmb9
unused ; 058_0_45_CorellianTransport2 - HngrAmb0
unused ; 058_0_45_CorellianTransport2 - HngrAmb1
unused ; 058_0_45_CorellianTransport2 - HngrAmb2
unused ; 058_0_45_CorellianTransport2 - HngrAmb3
unused ; 058_0_45_CorellianTransport2 - HngrAmb4
unused ; 058_0_45_CorellianTransport2 - HngrAmb5
unused ; 058_0_45_CorellianTransport2 - HngrAmb6
unused ; 058_0_45_CorellianTransport2 - HngrAmb7
unused ; 058_0_45_CorellianTransport2 - HngrAmb8
unused ; 058_0_45_CorellianTransport2 - HngrAmb9
unused ; 059_0_46_MilleniumFalcon2 - HngrAmb0
unused ; 059_0_46_MilleniumFalcon2 - HngrAmb1
unused ; 059_0_46_MilleniumFalcon2 - HngrAmb2
unused ; 059_0_46_MilleniumFalcon2 - HngrAmb3
unused ; 059_0_46_MilleniumFalcon2 - HngrAmb4
unused ; 059_0_46_MilleniumFalcon2 - HngrAmb5
unused ; 059_0_46_MilleniumFalcon2 - HngrAmb6
unused ; 059_0_46_MilleniumFalcon2 - HngrAmb7
unused ; 059_0_46_MilleniumFalcon2 - HngrAmb8
unused ; 059_0_46_MilleniumFalcon2 - HngrAmb9
unused ; 060_0_47_Outrider - HngrAmb0
unused ; 060_0_47_Outrider - HngrAmb1
unused ; 060_0_47_Outrider - HngrAmb2
unused ; 060_0_47_Outrider - HngrAmb3
unused ; 060_0_47_Outrider - HngrAmb4
unused ; 060_0_47_Outrider - HngrAmb5
unused ; 060_0_47_Outrider - HngrAmb6
unused ; 060_0_47_Outrider - HngrAmb7
unused ; 060_0_47_Outrider - HngrAmb8
unused ; 060_0_47_Outrider - HngrAmb9
unused ; 061_0_48_ImpLandingCraft - HngrAmb0
unused ; 061_0_48_ImpLandingCraft - HngrAmb1
unused ; 061_0_48_ImpLandingCraft - HngrAmb2
unused ; 061_0_48_ImpLandingCraft - HngrAmb3
unused ; 061_0_48_ImpLandingCraft - HngrAmb4
unused ; 061_0_48_ImpLandingCraft - HngrAmb5
unused ; 061_0_48_ImpLandingCraft - HngrAmb6
unused ; 061_0_48_ImpLandingCraft - HngrAmb7
unused ; 061_0_48_ImpLandingCraft - HngrAmb8
unused ; 061_0_48_ImpLandingCraft - HngrAmb9
unused ; 062_0_49_AssaultShuttle - HngrAmb0
unused ; 062_0_49_AssaultShuttle - HngrAmb1
unused ; 062_0_49_AssaultShuttle - HngrAmb2
unused ; 062_0_49_AssaultShuttle - HngrAmb3
unused ; 062_0_49_AssaultShuttle - HngrAmb4
unused ; 062_0_49_AssaultShuttle - HngrAmb5
unused ; 062_0_49_AssaultShuttle - HngrAmb6
unused ; 062_0_49_AssaultShuttle - HngrAmb7
unused ; 062_0_49_AssaultShuttle - HngrAmb8
unused ; 062_0_49_AssaultShuttle - HngrAmb9
unused ; 063_0_50_LuxuryYacht - HngrAmb0
unused ; 063_0_50_LuxuryYacht - HngrAmb1
unused ; 063_0_50_LuxuryYacht - HngrAmb2
unused ; 063_0_50_LuxuryYacht - HngrAmb3
unused ; 063_0_50_LuxuryYacht - HngrAmb4
unused ; 063_0_50_LuxuryYacht - HngrAmb5
unused ; 063_0_50_LuxuryYacht - HngrAmb6
unused ; 063_0_50_LuxuryYacht - HngrAmb7
unused ; 063_0_50_LuxuryYacht - HngrAmb8
unused ; 063_0_50_LuxuryYacht - HngrAmb9
unused ; 064_0_51_FerryboatLiner - HngrAmb0
unused ; 064_0_51_FerryboatLiner - HngrAmb1
unused ; 064_0_51_FerryboatLiner - HngrAmb2
unused ; 064_0_51_FerryboatLiner - HngrAmb3
unused ; 064_0_51_FerryboatLiner - HngrAmb4
unused ; 064_0_51_FerryboatLiner - HngrAmb5
unused ; 064_0_51_FerryboatLiner - HngrAmb6
unused ; 064_0_51_FerryboatLiner - HngrAmb7
unused ; 064_0_51_FerryboatLiner - HngrAmb8
unused ; 064_0_51_FerryboatLiner - HngrAmb9
unused ; 065_0_52_FamilyTransport - HngrAmb0
unused ; 065_0_52_FamilyTransport - HngrAmb1
unused ; 065_0_52_FamilyTransport - HngrAmb2
unused ; 065_0_52_FamilyTransport - HngrAmb3
unused ; 065_0_52_FamilyTransport - HngrAmb4
unused ; 065_0_52_FamilyTransport - HngrAmb5
unused ; 065_0_52_FamilyTransport - HngrAmb6
unused ; 065_0_52_FamilyTransport - HngrAmb7
unused ; 065_0_52_FamilyTransport - HngrAmb8
unused ; 065_0_52_FamilyTransport - HngrAmb9
unused ; 066__1_0 - HngrAmb0
unused ; 066__1_0 - HngrAmb1
unused ; 066__1_0 - HngrAmb2
unused ; 066__1_0 - HngrAmb3
unused ; 066__1_0 - HngrAmb4
unused ; 066__1_0 - HngrAmb5
unused ; 066__1_0 - HngrAmb6
unused ; 066__1_0 - HngrAmb7
unused ; 066__1_0 - HngrAmb8
unused ; 066__1_0 - HngrAmb9
unused ; 067__1_0 - HngrAmb0
unused ; 067__1_0 - HngrAmb1
unused ; 067__1_0 - HngrAmb2
unused ; 067__1_0 - HngrAmb3
unused ; 067__1_0 - HngrAmb4
unused ; 067__1_0 - HngrAmb5
unused ; 067__1_0 - HngrAmb6
unused ; 067__1_0 - HngrAmb7
unused ; 067__1_0 - HngrAmb8
unused ; 067__1_0 - HngrAmb9
unused ; 068__1_0 - HngrAmb0
unused ; 068__1_0 - HngrAmb1
unused ; 068__1_0 - HngrAmb2
unused ; 068__1_0 - HngrAmb3
unused ; 068__1_0 - HngrAmb4
unused ; 068__1_0 - HngrAmb5
unused ; 068__1_0 - HngrAmb6
unused ; 068__1_0 - HngrAmb7
unused ; 068__1_0 - HngrAmb8
unused ; 068__1_0 - HngrAmb9
unused ; 069__1_0 - HngrAmb0
unused ; 069__1_0 - HngrAmb1
unused ; 069__1_0 - HngrAmb2
unused ; 069__1_0 - HngrAmb3
unused ; 069__1_0 - HngrAmb4
unused ; 069__1_0 - HngrAmb5
unused ; 069__1_0 - HngrAmb6
unused ; 069__1_0 - HngrAmb7
unused ; 069__1_0 - HngrAmb8
unused ; 069__1_0 - HngrAmb9
unused ; 070__1_0 - HngrAmb0
unused ; 070__1_0 - HngrAmb1
unused ; 070__1_0 - HngrAmb2
unused ; 070__1_0 - HngrAmb3
unused ; 070__1_0 - HngrAmb4
unused ; 070__1_0 - HngrAmb5
unused ; 070__1_0 - HngrAmb6
unused ; 070__1_0 - HngrAmb7
unused ; 070__1_0 - HngrAmb8
unused ; 070__1_0 - HngrAmb9
unused ; 071_0_53_ContainerBrick - HngrAmb0
unused ; 071_0_53_ContainerBrick - HngrAmb1
unused ; 071_0_53_ContainerBrick - HngrAmb2
unused ; 071_0_53_ContainerBrick - HngrAmb3
unused ; 071_0_53_ContainerBrick - HngrAmb4
unused ; 071_0_53_ContainerBrick - HngrAmb5
unused ; 071_0_53_ContainerBrick - HngrAmb6
unused ; 071_0_53_ContainerBrick - HngrAmb7
unused ; 071_0_53_ContainerBrick - HngrAmb8
unused ; 071_0_53_ContainerBrick - HngrAmb9
unused ; 072_0_54_ContainerHexBox - HngrAmb0
unused ; 072_0_54_ContainerHexBox - HngrAmb1
unused ; 072_0_54_ContainerHexBox - HngrAmb2
unused ; 072_0_54_ContainerHexBox - HngrAmb3
unused ; 072_0_54_ContainerHexBox - HngrAmb4
unused ; 072_0_54_ContainerHexBox - HngrAmb5
unused ; 072_0_54_ContainerHexBox - HngrAmb6
unused ; 072_0_54_ContainerHexBox - HngrAmb7
unused ; 072_0_54_ContainerHexBox - HngrAmb8
unused ; 072_0_54_ContainerHexBox - HngrAmb9
unused ; 073_0_55_ContainerTube - HngrAmb0
unused ; 073_0_55_ContainerTube - HngrAmb1
unused ; 073_0_55_ContainerTube - HngrAmb2
unused ; 073_0_55_ContainerTube - HngrAmb3
unused ; 073_0_55_ContainerTube - HngrAmb4
unused ; 073_0_55_ContainerTube - HngrAmb5
unused ; 073_0_55_ContainerTube - HngrAmb6
unused ; 073_0_55_ContainerTube - HngrAmb7
unused ; 073_0_55_ContainerTube - HngrAmb8
unused ; 073_0_55_ContainerTube - HngrAmb9
unused ; 074_0_56_ContainerPronged - HngrAmb0
unused ; 074_0_56_ContainerPronged - HngrAmb1
unused ; 074_0_56_ContainerPronged - HngrAmb2
unused ; 074_0_56_ContainerPronged - HngrAmb3
unused ; 074_0_56_ContainerPronged - HngrAmb4
unused ; 074_0_56_ContainerPronged - HngrAmb5
unused ; 074_0_56_ContainerPronged - HngrAmb6
unused ; 074_0_56_ContainerPronged - HngrAmb7
unused ; 074_0_56_ContainerPronged - HngrAmb8
unused ; 074_0_56_ContainerPronged - HngrAmb9
unused ; 075_0_57_ContainerHemisphere - HngrAmb0
unused ; 075_0_57_ContainerHemisphere - HngrAmb1
unused ; 075_0_57_ContainerHemisphere - HngrAmb2
unused ; 075_0_57_ContainerHemisphere - HngrAmb3
unused ; 075_0_57_ContainerHemisphere - HngrAmb4
unused ; 075_0_57_ContainerHemisphere - HngrAmb5
unused ; 075_0_57_ContainerHemisphere - HngrAmb6
unused ; 075_0_57_ContainerHemisphere - HngrAmb7
unused ; 075_0_57_ContainerHemisphere - HngrAmb8
unused ; 075_0_57_ContainerHemisphere - HngrAmb9
unused ; 076_0_58_ContainerSlotted - HngrAmb0
unused ; 076_0_58_ContainerSlotted - HngrAmb1
unused ; 076_0_58_ContainerSlotted - HngrAmb2
unused ; 076_0_58_ContainerSlotted - HngrAmb3
unused ; 076_0_58_ContainerSlotted - HngrAmb4
unused ; 076_0_58_ContainerSlotted - HngrAmb5
unused ; 076_0_58_ContainerSlotted - HngrAmb6
unused ; 076_0_58_ContainerSlotted - HngrAmb7
unused ; 076_0_58_ContainerSlotted - HngrAmb8
unused ; 076_0_58_ContainerSlotted - HngrAmb9
unused ; 077_0_59_ContainerHourglass - HngrAmb0
unused ; 077_0_59_ContainerHourglass - HngrAmb1
unused ; 077_0_59_ContainerHourglass - HngrAmb2
unused ; 077_0_59_ContainerHourglass - HngrAmb3
unused ; 077_0_59_ContainerHourglass - HngrAmb4
unused ; 077_0_59_ContainerHourglass - HngrAmb5
unused ; 077_0_59_ContainerHourglass - HngrAmb6
unused ; 077_0_59_ContainerHourglass - HngrAmb7
unused ; 077_0_59_ContainerHourglass - HngrAmb8
unused ; 077_0_59_ContainerHourglass - HngrAmb9
unused ; 078_0_60_ContainerGem - HngrAmb0
unused ; 078_0_60_ContainerGem - HngrAmb1
unused ; 078_0_60_ContainerGem - HngrAmb2
unused ; 078_0_60_ContainerGem - HngrAmb3
unused ; 078_0_60_ContainerGem - HngrAmb4
unused ; 078_0_60_ContainerGem - HngrAmb5
unused ; 078_0_60_ContainerGem - HngrAmb6
unused ; 078_0_60_ContainerGem - HngrAmb7
unused ; 078_0_60_ContainerGem - HngrAmb8
unused ; 078_0_60_ContainerGem - HngrAmb9
unused ; 079_0_61_ContainerYshaped - HngrAmb0
unused ; 079_0_61_ContainerYshaped - HngrAmb1
unused ; 079_0_61_ContainerYshaped - HngrAmb2
unused ; 079_0_61_ContainerYshaped - HngrAmb3
unused ; 079_0_61_ContainerYshaped - HngrAmb4
unused ; 079_0_61_ContainerYshaped - HngrAmb5
unused ; 079_0_61_ContainerYshaped - HngrAmb6
unused ; 079_0_61_ContainerYshaped - HngrAmb7
unused ; 079_0_61_ContainerYshaped - HngrAmb8
unused ; 079_0_61_ContainerYshaped - HngrAmb9
unused ; 080_0_62_CargoCanister - HngrAmb0
unused ; 080_0_62_CargoCanister - HngrAmb1
unused ; 080_0_62_CargoCanister - HngrAmb2
unused ; 080_0_62_CargoCanister - HngrAmb3
unused ; 080_0_62_CargoCanister - HngrAmb4
unused ; 080_0_62_CargoCanister - HngrAmb5
unused ; 080_0_62_CargoCanister - HngrAmb6
unused ; 080_0_62_CargoCanister - HngrAmb7
unused ; 080_0_62_CargoCanister - HngrAmb8
unused ; 080_0_62_CargoCanister - HngrAmb9
unused ; 081_0_63_PropaneTank - HngrAmb0
unused ; 081_0_63_PropaneTank - HngrAmb1
unused ; 081_0_63_PropaneTank - HngrAmb2
unused ; 081_0_63_PropaneTank - HngrAmb3
unused ; 081_0_63_PropaneTank - HngrAmb4
unused ; 081_0_63_PropaneTank - HngrAmb5
unused ; 081_0_63_PropaneTank - HngrAmb6
unused ; 081_0_63_PropaneTank - HngrAmb7
unused ; 081_0_63_PropaneTank - HngrAmb8
unused ; 081_0_63_PropaneTank - HngrAmb9
unused ; 082_0_64_ContainerGrande - HngrAmb0
unused ; 082_0_64_ContainerGrande - HngrAmb1
unused ; 082_0_64_ContainerGrande - HngrAmb2
unused ; 082_0_64_ContainerGrande - HngrAmb3
unused ; 082_0_64_ContainerGrande - HngrAmb4
unused ; 082_0_64_ContainerGrande - HngrAmb5
unused ; 082_0_64_ContainerGrande - HngrAmb6
unused ; 082_0_64_ContainerGrande - HngrAmb7
unused ; 082_0_64_ContainerGrande - HngrAmb8
unused ; 082_0_64_ContainerGrande - HngrAmb9
unused ; 083_0_65_ContainerBox - HngrAmb0
unused ; 083_0_65_ContainerBox - HngrAmb1
unused ; 083_0_65_ContainerBox - HngrAmb2
unused ; 083_0_65_ContainerBox - HngrAmb3
unused ; 083_0_65_ContainerBox - HngrAmb4
unused ; 083_0_65_ContainerBox - HngrAmb5
unused ; 083_0_65_ContainerBox - HngrAmb6
unused ; 083_0_65_ContainerBox - HngrAmb7
unused ; 083_0_65_ContainerBox - HngrAmb8
unused ; 083_0_65_ContainerBox - HngrAmb9
unused ; 084_0_66_ContainerSphere - HngrAmb0
unused ; 084_0_66_ContainerSphere - HngrAmb1
unused ; 084_0_66_ContainerSphere - HngrAmb2
unused ; 084_0_66_ContainerSphere - HngrAmb3
unused ; 084_0_66_ContainerSphere - HngrAmb4
unused ; 084_0_66_ContainerSphere - HngrAmb5
unused ; 084_0_66_ContainerSphere - HngrAmb6
unused ; 084_0_66_ContainerSphere - HngrAmb7
unused ; 084_0_66_ContainerSphere - HngrAmb8
unused ; 084_0_66_ContainerSphere - HngrAmb9
unused ; 085_0_67_ContainerHanger - HngrAmb0
unused ; 085_0_67_ContainerHanger - HngrAmb1
unused ; 085_0_67_ContainerHanger - HngrAmb2
unused ; 085_0_67_ContainerHanger - HngrAmb3
unused ; 085_0_67_ContainerHanger - HngrAmb4
unused ; 085_0_67_ContainerHanger - HngrAmb5
unused ; 085_0_67_ContainerHanger - HngrAmb6
unused ; 085_0_67_ContainerHanger - HngrAmb7
unused ; 085_0_67_ContainerHanger - HngrAmb8
unused ; 085_0_67_ContainerHanger - HngrAmb9
unused ; 086__1_0 - HngrAmb0
unused ; 086__1_0 - HngrAmb1
unused ; 086__1_0 - HngrAmb2
unused ; 086__1_0 - HngrAmb3
unused ; 086__1_0 - HngrAmb4
unused ; 086__1_0 - HngrAmb5
unused ; 086__1_0 - HngrAmb6
unused ; 086__1_0 - HngrAmb7
unused ; 086__1_0 - HngrAmb8
unused ; 086__1_0 - HngrAmb9
unused ; 087__1_0 - HngrAmb0
unused ; 087__1_0 - HngrAmb1
unused ; 087__1_0 - HngrAmb2
unused ; 087__1_0 - HngrAmb3
unused ; 087__1_0 - HngrAmb4
unused ; 087__1_0 - HngrAmb5
unused ; 087__1_0 - HngrAmb6
unused ; 087__1_0 - HngrAmb7
unused ; 087__1_0 - HngrAmb8
unused ; 087__1_0 - HngrAmb9
unused ; 088__1_0 - HngrAmb0
unused ; 088__1_0 - HngrAmb1
unused ; 088__1_0 - HngrAmb2
unused ; 088__1_0 - HngrAmb3
unused ; 088__1_0 - HngrAmb4
unused ; 088__1_0 - HngrAmb5
unused ; 088__1_0 - HngrAmb6
unused ; 088__1_0 - HngrAmb7
unused ; 088__1_0 - HngrAmb8
unused ; 088__1_0 - HngrAmb9
unused ; 089__1_0 - HngrAmb0
unused ; 089__1_0 - HngrAmb1
unused ; 089__1_0 - HngrAmb2
unused ; 089__1_0 - HngrAmb3
unused ; 089__1_0 - HngrAmb4
unused ; 089__1_0 - HngrAmb5
unused ; 089__1_0 - HngrAmb6
unused ; 089__1_0 - HngrAmb7
unused ; 089__1_0 - HngrAmb8
unused ; 089__1_0 - HngrAmb9
unused ; 090__1_0 - HngrAmb0
unused ; 090__1_0 - HngrAmb1
unused ; 090__1_0 - HngrAmb2
unused ; 090__1_0 - HngrAmb3
unused ; 090__1_0 - HngrAmb4
unused ; 090__1_0 - HngrAmb5
unused ; 090__1_0 - HngrAmb6
unused ; 090__1_0 - HngrAmb7
unused ; 090__1_0 - HngrAmb8
unused ; 090__1_0 - HngrAmb9
unused ; 091_0_68_BulkFreighter - HngrAmb0
unused ; 091_0_68_BulkFreighter - HngrAmb1
unused ; 091_0_68_BulkFreighter - HngrAmb2
unused ; 091_0_68_BulkFreighter - HngrAmb3
unused ; 091_0_68_BulkFreighter - HngrAmb4
unused ; 091_0_68_BulkFreighter - HngrAmb5
unused ; 091_0_68_BulkFreighter - HngrAmb6
unused ; 091_0_68_BulkFreighter - HngrAmb7
unused ; 091_0_68_BulkFreighter - HngrAmb8
unused ; 091_0_68_BulkFreighter - HngrAmb9
unused ; 092_0_69_CargoFerry - HngrAmb0
unused ; 092_0_69_CargoFerry - HngrAmb1
unused ; 092_0_69_CargoFerry - HngrAmb2
unused ; 092_0_69_CargoFerry - HngrAmb3
unused ; 092_0_69_CargoFerry - HngrAmb4
unused ; 092_0_69_CargoFerry - HngrAmb5
unused ; 092_0_69_CargoFerry - HngrAmb6
unused ; 092_0_69_CargoFerry - HngrAmb7
unused ; 092_0_69_CargoFerry - HngrAmb8
unused ; 092_0_69_CargoFerry - HngrAmb9
unused ; 093_0_70_ModularConveyor - HngrAmb0
unused ; 093_0_70_ModularConveyor - HngrAmb1
unused ; 093_0_70_ModularConveyor - HngrAmb2
unused ; 093_0_70_ModularConveyor - HngrAmb3
unused ; 093_0_70_ModularConveyor - HngrAmb4
unused ; 093_0_70_ModularConveyor - HngrAmb5
unused ; 093_0_70_ModularConveyor - HngrAmb6
unused ; 093_0_70_ModularConveyor - HngrAmb7
unused ; 093_0_70_ModularConveyor - HngrAmb8
unused ; 093_0_70_ModularConveyor - HngrAmb9
unused ; 094_0_71_ContainerTransport - HngrAmb0
unused ; 094_0_71_ContainerTransport - HngrAmb1
unused ; 094_0_71_ContainerTransport - HngrAmb2
unused ; 094_0_71_ContainerTransport - HngrAmb3
unused ; 094_0_71_ContainerTransport - HngrAmb4
unused ; 094_0_71_ContainerTransport - HngrAmb5
unused ; 094_0_71_ContainerTransport - HngrAmb6
unused ; 094_0_71_ContainerTransport - HngrAmb7
unused ; 094_0_71_ContainerTransport - HngrAmb8
unused ; 094_0_71_ContainerTransport - HngrAmb9
unused ; 095_0_72_TunaBoat2 - HngrAmb0
unused ; 095_0_72_TunaBoat2 - HngrAmb1
unused ; 095_0_72_TunaBoat2 - HngrAmb2
unused ; 095_0_72_TunaBoat2 - HngrAmb3
unused ; 095_0_72_TunaBoat2 - HngrAmb4
unused ; 095_0_72_TunaBoat2 - HngrAmb5
unused ; 095_0_72_TunaBoat2 - HngrAmb6
unused ; 095_0_72_TunaBoat2 - HngrAmb7
unused ; 095_0_72_TunaBoat2 - HngrAmb8
unused ; 095_0_72_TunaBoat2 - HngrAmb9
unused ; 096_0_73_StarGalleon - HngrAmb0
unused ; 096_0_73_StarGalleon - HngrAmb1
unused ; 096_0_73_StarGalleon - HngrAmb2
unused ; 096_0_73_StarGalleon - HngrAmb3
unused ; 096_0_73_StarGalleon - HngrAmb4
unused ; 096_0_73_StarGalleon - HngrAmb5
unused ; 096_0_73_StarGalleon - HngrAmb6
unused ; 096_0_73_StarGalleon - HngrAmb7
unused ; 096_0_73_StarGalleon - HngrAmb8
unused ; 096_0_73_StarGalleon - HngrAmb9
unused ; 097_0_74_ModActionTransport - HngrAmb0
unused ; 097_0_74_ModActionTransport - HngrAmb1
unused ; 097_0_74_ModActionTransport - HngrAmb2
unused ; 097_0_74_ModActionTransport - HngrAmb3
unused ; 097_0_74_ModActionTransport - HngrAmb4
unused ; 097_0_74_ModActionTransport - HngrAmb5
unused ; 097_0_74_ModActionTransport - HngrAmb6
unused ; 097_0_74_ModActionTransport - HngrAmb7
unused ; 097_0_74_ModActionTransport - HngrAmb8
unused ; 097_0_74_ModActionTransport - HngrAmb9
unused ; 098_0_75_MobquetTransport - HngrAmb0
unused ; 098_0_75_MobquetTransport - HngrAmb1
unused ; 098_0_75_MobquetTransport - HngrAmb2
unused ; 098_0_75_MobquetTransport - HngrAmb3
unused ; 098_0_75_MobquetTransport - HngrAmb4
unused ; 098_0_75_MobquetTransport - HngrAmb5
unused ; 098_0_75_MobquetTransport - HngrAmb6
unused ; 098_0_75_MobquetTransport - HngrAmb7
unused ; 098_0_75_MobquetTransport - HngrAmb8
unused ; 098_0_75_MobquetTransport - HngrAmb9
unused ; 099_0_76_XiytiarTransport - HngrAmb0
unused ; 099_0_76_XiytiarTransport - HngrAmb1
unused ; 099_0_76_XiytiarTransport - HngrAmb2
unused ; 099_0_76_XiytiarTransport - HngrAmb3
unused ; 099_0_76_XiytiarTransport - HngrAmb4
unused ; 099_0_76_XiytiarTransport - HngrAmb5
unused ; 099_0_76_XiytiarTransport - HngrAmb6
unused ; 099_0_76_XiytiarTransport - HngrAmb7
unused ; 099_0_76_XiytiarTransport - HngrAmb8
unused ; 099_0_76_XiytiarTransport - HngrAmb9
unused ; 100_0_77_FreighterConB - HngrAmb0
unused ; 100_0_77_FreighterConB - HngrAmb1
unused ; 100_0_77_FreighterConB - HngrAmb2
unused ; 100_0_77_FreighterConB - HngrAmb3
unused ; 100_0_77_FreighterConB - HngrAmb4
unused ; 100_0_77_FreighterConB - HngrAmb5
unused ; 100_0_77_FreighterConB - HngrAmb6
unused ; 100_0_77_FreighterConB - HngrAmb7
unused ; 100_0_77_FreighterConB - HngrAmb8
unused ; 100_0_77_FreighterConB - HngrAmb9
unused ; 101_0_78_FreighterConG - HngrAmb0
unused ; 101_0_78_FreighterConG - HngrAmb1
unused ; 101_0_78_FreighterConG - HngrAmb2
unused ; 101_0_78_FreighterConG - HngrAmb3
unused ; 101_0_78_FreighterConG - HngrAmb4
unused ; 101_0_78_FreighterConG - HngrAmb5
unused ; 101_0_78_FreighterConG - HngrAmb6
unused ; 101_0_78_FreighterConG - HngrAmb7
unused ; 101_0_78_FreighterConG - HngrAmb8
unused ; 101_0_78_FreighterConG - HngrAmb9
unused ; 102_0_79_FreighterBox - HngrAmb0
unused ; 102_0_79_FreighterBox - HngrAmb1
unused ; 102_0_79_FreighterBox - HngrAmb2
unused ; 102_0_79_FreighterBox - HngrAmb3
unused ; 102_0_79_FreighterBox - HngrAmb4
unused ; 102_0_79_FreighterBox - HngrAmb5
unused ; 102_0_79_FreighterBox - HngrAmb6
unused ; 102_0_79_FreighterBox - HngrAmb7
unused ; 102_0_79_FreighterBox - HngrAmb8
unused ; 102_0_79_FreighterBox - HngrAmb9
unused ; 103_0_0_Xwing - HngrAmb0
unused ; 103_0_0_Xwing - HngrAmb1
unused ; 103_0_0_Xwing - HngrAmb2
unused ; 103_0_0_Xwing - HngrAmb3
unused ; 103_0_0_Xwing - HngrAmb4
unused ; 103_0_0_Xwing - HngrAmb5
unused ; 103_0_0_Xwing - HngrAmb6
unused ; 103_0_0_Xwing - HngrAmb7
unused ; 103_0_0_Xwing - HngrAmb8
unused ; 103_0_0_Xwing - HngrAmb9
unused ; 104_0_0_Xwing - HngrAmb0
unused ; 104_0_0_Xwing - HngrAmb1
unused ; 104_0_0_Xwing - HngrAmb2
unused ; 104_0_0_Xwing - HngrAmb3
unused ; 104_0_0_Xwing - HngrAmb4
unused ; 104_0_0_Xwing - HngrAmb5
unused ; 104_0_0_Xwing - HngrAmb6
unused ; 104_0_0_Xwing - HngrAmb7
unused ; 104_0_0_Xwing - HngrAmb8
unused ; 104_0_0_Xwing - HngrAmb9
unused ; 105_0_136_CrewCabinFront - HngrAmb0
unused ; 105_0_136_CrewCabinFront - HngrAmb1
unused ; 105_0_136_CrewCabinFront - HngrAmb2
unused ; 105_0_136_CrewCabinFront - HngrAmb3
unused ; 105_0_136_CrewCabinFront - HngrAmb4
unused ; 105_0_136_CrewCabinFront - HngrAmb5
unused ; 105_0_136_CrewCabinFront - HngrAmb6
unused ; 105_0_136_CrewCabinFront - HngrAmb7
unused ; 105_0_136_CrewCabinFront - HngrAmb8
unused ; 105_0_136_CrewCabinFront - HngrAmb9
unused ; 106_0_137_ConnectorRod - HngrAmb0
unused ; 106_0_137_ConnectorRod - HngrAmb1
unused ; 106_0_137_ConnectorRod - HngrAmb2
unused ; 106_0_137_ConnectorRod - HngrAmb3
unused ; 106_0_137_ConnectorRod - HngrAmb4
unused ; 106_0_137_ConnectorRod - HngrAmb5
unused ; 106_0_137_ConnectorRod - HngrAmb6
unused ; 106_0_137_ConnectorRod - HngrAmb7
unused ; 106_0_137_ConnectorRod - HngrAmb8
unused ; 106_0_137_ConnectorRod - HngrAmb9
unused ; 107_0_138_EngineBack - HngrAmb0
unused ; 107_0_138_EngineBack - HngrAmb1
unused ; 107_0_138_EngineBack - HngrAmb2
unused ; 107_0_138_EngineBack - HngrAmb3
unused ; 107_0_138_EngineBack - HngrAmb4
unused ; 107_0_138_EngineBack - HngrAmb5
unused ; 107_0_138_EngineBack - HngrAmb6
unused ; 107_0_138_EngineBack - HngrAmb7
unused ; 107_0_138_EngineBack - HngrAmb8
unused ; 107_0_138_EngineBack - HngrAmb9
unused ; 108_0_0_Xwing - HngrAmb0
unused ; 108_0_0_Xwing - HngrAmb1
unused ; 108_0_0_Xwing - HngrAmb2
unused ; 108_0_0_Xwing - HngrAmb3
unused ; 108_0_0_Xwing - HngrAmb4
unused ; 108_0_0_Xwing - HngrAmb5
unused ; 108_0_0_Xwing - HngrAmb6
unused ; 108_0_0_Xwing - HngrAmb7
unused ; 108_0_0_Xwing - HngrAmb8
unused ; 108_0_0_Xwing - HngrAmb9
unused ; 109_0_0_Xwing - HngrAmb0
unused ; 109_0_0_Xwing - HngrAmb1
unused ; 109_0_0_Xwing - HngrAmb2
unused ; 109_0_0_Xwing - HngrAmb3
unused ; 109_0_0_Xwing - HngrAmb4
unused ; 109_0_0_Xwing - HngrAmb5
unused ; 109_0_0_Xwing - HngrAmb6
unused ; 109_0_0_Xwing - HngrAmb7
unused ; 109_0_0_Xwing - HngrAmb8
unused ; 109_0_0_Xwing - HngrAmb9
unused ; 110_0_139_EngineFront - HngrAmb0
unused ; 110_0_139_EngineFront - HngrAmb1
unused ; 110_0_139_EngineFront - HngrAmb2
unused ; 110_0_139_EngineFront - HngrAmb3
unused ; 110_0_139_EngineFront - HngrAmb4
unused ; 110_0_139_EngineFront - HngrAmb5
unused ; 110_0_139_EngineFront - HngrAmb6
unused ; 110_0_139_EngineFront - HngrAmb7
unused ; 110_0_139_EngineFront - HngrAmb8
unused ; 110_0_139_EngineFront - HngrAmb9
unused ; 111_0_140_CrewCabinBack - HngrAmb0
unused ; 111_0_140_CrewCabinBack - HngrAmb1
unused ; 111_0_140_CrewCabinBack - HngrAmb2
unused ; 111_0_140_CrewCabinBack - HngrAmb3
unused ; 111_0_140_CrewCabinBack - HngrAmb4
unused ; 111_0_140_CrewCabinBack - HngrAmb5
unused ; 111_0_140_CrewCabinBack - HngrAmb6
unused ; 111_0_140_CrewCabinBack - HngrAmb7
unused ; 111_0_140_CrewCabinBack - HngrAmb8
unused ; 111_0_140_CrewCabinBack - HngrAmb9
unused ; 112_0_0_Xwing - HngrAmb0
unused ; 112_0_0_Xwing - HngrAmb1
unused ; 112_0_0_Xwing - HngrAmb2
unused ; 112_0_0_Xwing - HngrAmb3
unused ; 112_0_0_Xwing - HngrAmb4
unused ; 112_0_0_Xwing - HngrAmb5
unused ; 112_0_0_Xwing - HngrAmb6
unused ; 112_0_0_Xwing - HngrAmb7
unused ; 112_0_0_Xwing - HngrAmb8
unused ; 112_0_0_Xwing - HngrAmb9
unused ; 113_0_0_Xwing - HngrAmb0
unused ; 113_0_0_Xwing - HngrAmb1
unused ; 113_0_0_Xwing - HngrAmb2
unused ; 113_0_0_Xwing - HngrAmb3
unused ; 113_0_0_Xwing - HngrAmb4
unused ; 113_0_0_Xwing - HngrAmb5
unused ; 113_0_0_Xwing - HngrAmb6
unused ; 113_0_0_Xwing - HngrAmb7
unused ; 113_0_0_Xwing - HngrAmb8
unused ; 113_0_0_Xwing - HngrAmb9
unused ; 114_0_0_Xwing - HngrAmb0
unused ; 114_0_0_Xwing - HngrAmb1
unused ; 114_0_0_Xwing - HngrAmb2
unused ; 114_0_0_Xwing - HngrAmb3
unused ; 114_0_0_Xwing - HngrAmb4
unused ; 114_0_0_Xwing - HngrAmb5
unused ; 114_0_0_Xwing - HngrAmb6
unused ; 114_0_0_Xwing - HngrAmb7
unused ; 114_0_0_Xwing - HngrAmb8
unused ; 114_0_0_Xwing - HngrAmb9
unused ; 115_0_142_Suprosa - HngrAmb0
unused ; 115_0_142_Suprosa - HngrAmb1
unused ; 115_0_142_Suprosa - HngrAmb2
unused ; 115_0_142_Suprosa - HngrAmb3
unused ; 115_0_142_Suprosa - HngrAmb4
unused ; 115_0_142_Suprosa - HngrAmb5
unused ; 115_0_142_Suprosa - HngrAmb6
unused ; 115_0_142_Suprosa - HngrAmb7
unused ; 115_0_142_Suprosa - HngrAmb8
unused ; 115_0_142_Suprosa - HngrAmb9
unused ; 116__1_0 - HngrAmb0
unused ; 116__1_0 - HngrAmb1
unused ; 116__1_0 - HngrAmb2
unused ; 116__1_0 - HngrAmb3
unused ; 116__1_0 - HngrAmb4
unused ; 116__1_0 - HngrAmb5
unused ; 116__1_0 - HngrAmb6
unused ; 116__1_0 - HngrAmb7
unused ; 116__1_0 - HngrAmb8
unused ; 116__1_0 - HngrAmb9
unused ; 117__1_0 - HngrAmb0
unused ; 117__1_0 - HngrAmb1
unused ; 117__1_0 - HngrAmb2
unused ; 117__1_0 - HngrAmb3
unused ; 117__1_0 - HngrAmb4
unused ; 117__1_0 - HngrAmb5
unused ; 117__1_0 - HngrAmb6
unused ; 117__1_0 - HngrAmb7
unused ; 117__1_0 - HngrAmb8
unused ; 117__1_0 - HngrAmb9
unused ; 118__1_0 - HngrAmb0
unused ; 118__1_0 - HngrAmb1
unused ; 118__1_0 - HngrAmb2
unused ; 118__1_0 - HngrAmb3
unused ; 118__1_0 - HngrAmb4
unused ; 118__1_0 - HngrAmb5
unused ; 118__1_0 - HngrAmb6
unused ; 118__1_0 - HngrAmb7
unused ; 118__1_0 - HngrAmb8
unused ; 118__1_0 - HngrAmb9
unused ; 119__1_0 - HngrAmb0
unused ; 119__1_0 - HngrAmb1
unused ; 119__1_0 - HngrAmb2
unused ; 119__1_0 - HngrAmb3
unused ; 119__1_0 - HngrAmb4
unused ; 119__1_0 - HngrAmb5
unused ; 119__1_0 - HngrAmb6
unused ; 119__1_0 - HngrAmb7
unused ; 119__1_0 - HngrAmb8
unused ; 119__1_0 - HngrAmb9
unused ; 120__1_0 - HngrAmb0
unused ; 120__1_0 - HngrAmb1
unused ; 120__1_0 - HngrAmb2
unused ; 120__1_0 - HngrAmb3
unused ; 120__1_0 - HngrAmb4
unused ; 120__1_0 - HngrAmb5
unused ; 120__1_0 - HngrAmb6
unused ; 120__1_0 - HngrAmb7
unused ; 120__1_0 - HngrAmb8
unused ; 120__1_0 - HngrAmb9
unused ; 121__1_0 - HngrAmb0
unused ; 121__1_0 - HngrAmb1
unused ; 121__1_0 - HngrAmb2
unused ; 121__1_0 - HngrAmb3
unused ; 121__1_0 - HngrAmb4
unused ; 121__1_0 - HngrAmb5
unused ; 121__1_0 - HngrAmb6
unused ; 121__1_0 - HngrAmb7
unused ; 121__1_0 - HngrAmb8
unused ; 121__1_0 - HngrAmb9
unused ; 122__1_0 - HngrAmb0
unused ; 122__1_0 - HngrAmb1
unused ; 122__1_0 - HngrAmb2
unused ; 122__1_0 - HngrAmb3
unused ; 122__1_0 - HngrAmb4
unused ; 122__1_0 - HngrAmb5
unused ; 122__1_0 - HngrAmb6
unused ; 122__1_0 - HngrAmb7
unused ; 122__1_0 - HngrAmb8
unused ; 122__1_0 - HngrAmb9
unused ; 123__1_0 - HngrAmb0
unused ; 123__1_0 - HngrAmb1
unused ; 123__1_0 - HngrAmb2
unused ; 123__1_0 - HngrAmb3
unused ; 123__1_0 - HngrAmb4
unused ; 123__1_0 - HngrAmb5
unused ; 123__1_0 - HngrAmb6
unused ; 123__1_0 - HngrAmb7
unused ; 123__1_0 - HngrAmb8
unused ; 123__1_0 - HngrAmb9
unused ; 124__1_0 - HngrAmb0
unused ; 124__1_0 - HngrAmb1
unused ; 124__1_0 - HngrAmb2
unused ; 124__1_0 - HngrAmb3
unused ; 124__1_0 - HngrAmb4
unused ; 124__1_0 - HngrAmb5
unused ; 124__1_0 - HngrAmb6
unused ; 124__1_0 - HngrAmb7
unused ; 124__1_0 - HngrAmb8
unused ; 124__1_0 - HngrAmb9
unused ; 125__1_0 - HngrAmb0
unused ; 125__1_0 - HngrAmb1
unused ; 125__1_0 - HngrAmb2
unused ; 125__1_0 - HngrAmb3
unused ; 125__1_0 - HngrAmb4
unused ; 125__1_0 - HngrAmb5
unused ; 125__1_0 - HngrAmb6
unused ; 125__1_0 - HngrAmb7
unused ; 125__1_0 - HngrAmb8
unused ; 125__1_0 - HngrAmb9
unused ; 126_0_80_Corvette2 - HngrAmb0
unused ; 126_0_80_Corvette2 - HngrAmb1
unused ; 126_0_80_Corvette2 - HngrAmb2
unused ; 126_0_80_Corvette2 - HngrAmb3
unused ; 126_0_80_Corvette2 - HngrAmb4
unused ; 126_0_80_Corvette2 - HngrAmb5
unused ; 126_0_80_Corvette2 - HngrAmb6
unused ; 126_0_80_Corvette2 - HngrAmb7
unused ; 126_0_80_Corvette2 - HngrAmb8
unused ; 126_0_80_Corvette2 - HngrAmb9
unused ; 127_0_81_ModCorvette - HngrAmb0
unused ; 127_0_81_ModCorvette - HngrAmb1
unused ; 127_0_81_ModCorvette - HngrAmb2
unused ; 127_0_81_ModCorvette - HngrAmb3
unused ; 127_0_81_ModCorvette - HngrAmb4
unused ; 127_0_81_ModCorvette - HngrAmb5
unused ; 127_0_81_ModCorvette - HngrAmb6
unused ; 127_0_81_ModCorvette - HngrAmb7
unused ; 127_0_81_ModCorvette - HngrAmb8
unused ; 127_0_81_ModCorvette - HngrAmb9
unused ; 128_0_82_Frigate2 - HngrAmb0
unused ; 128_0_82_Frigate2 - HngrAmb1
unused ; 128_0_82_Frigate2 - HngrAmb2
unused ; 128_0_82_Frigate2 - HngrAmb3
unused ; 128_0_82_Frigate2 - HngrAmb4
unused ; 128_0_82_Frigate2 - HngrAmb5
unused ; 128_0_82_Frigate2 - HngrAmb6
unused ; 128_0_82_Frigate2 - HngrAmb7
unused ; 128_0_82_Frigate2 - HngrAmb8
unused ; 128_0_82_Frigate2 - HngrAmb9
HngrAmb0.wav			75 2000 ; 129_0_83_ModFrigate - HngrAmb0
HngrAmb1.wav			75 2000 ; 129_0_83_ModFrigate - HngrAmb1
HngrAmb2.wav			75 2000 ; 129_0_83_ModFrigate - HngrAmb2
HngrAmb3.wav			75 2000 ; 129_0_83_ModFrigate - HngrAmb3
HngrAmb4.wav			75 2000 ; 129_0_83_ModFrigate - HngrAmb4
HngrAmb5.wav			75 2000 ; 129_0_83_ModFrigate - HngrAmb5
HngrAmb6.wav			75 2000 ; 129_0_83_ModFrigate - HngrAmb6
HngrAmb7.wav			75 2000 ; 129_0_83_ModFrigate - HngrAmb7
HngrAmb8.wav			75 2000 ; 129_0_83_ModFrigate - HngrAmb8
HngrAmb9.wav			75 2000 ; 129_0_83_ModFrigate - HngrAmb9
unused ; 130_0_84_PassengerLiner - HngrAmb0
unused ; 130_0_84_PassengerLiner - HngrAmb1
unused ; 130_0_84_PassengerLiner - HngrAmb2
unused ; 130_0_84_PassengerLiner - HngrAmb3
unused ; 130_0_84_PassengerLiner - HngrAmb4
unused ; 130_0_84_PassengerLiner - HngrAmb5
unused ; 130_0_84_PassengerLiner - HngrAmb6
unused ; 130_0_84_PassengerLiner - HngrAmb7
unused ; 130_0_84_PassengerLiner - HngrAmb8
unused ; 130_0_84_PassengerLiner - HngrAmb9
unused ; 131_0_85_CarrackCruiser - HngrAmb0
unused ; 131_0_85_CarrackCruiser - HngrAmb1
unused ; 131_0_85_CarrackCruiser - HngrAmb2
unused ; 131_0_85_CarrackCruiser - HngrAmb3
unused ; 131_0_85_CarrackCruiser - HngrAmb4
unused ; 131_0_85_CarrackCruiser - HngrAmb5
unused ; 131_0_85_CarrackCruiser - HngrAmb6
unused ; 131_0_85_CarrackCruiser - HngrAmb7
unused ; 131_0_85_CarrackCruiser - HngrAmb8
unused ; 131_0_85_CarrackCruiser - HngrAmb9
unused ; 132_0_86_StrikeCruiser - HngrAmb0
unused ; 132_0_86_StrikeCruiser - HngrAmb1
unused ; 132_0_86_StrikeCruiser - HngrAmb2
unused ; 132_0_86_StrikeCruiser - HngrAmb3
unused ; 132_0_86_StrikeCruiser - HngrAmb4
unused ; 132_0_86_StrikeCruiser - HngrAmb5
unused ; 132_0_86_StrikeCruiser - HngrAmb6
unused ; 132_0_86_StrikeCruiser - HngrAmb7
unused ; 132_0_86_StrikeCruiser - HngrAmb8
unused ; 132_0_86_StrikeCruiser - HngrAmb9
unused ; 133_0_87_EscortCarrier - HngrAmb0
unused ; 133_0_87_EscortCarrier - HngrAmb1
unused ; 133_0_87_EscortCarrier - HngrAmb2
unused ; 133_0_87_EscortCarrier - HngrAmb3
unused ; 133_0_87_EscortCarrier - HngrAmb4
unused ; 133_0_87_EscortCarrier - HngrAmb5
unused ; 133_0_87_EscortCarrier - HngrAmb6
unused ; 133_0_87_EscortCarrier - HngrAmb7
unused ; 133_0_87_EscortCarrier - HngrAmb8
unused ; 133_0_87_EscortCarrier - HngrAmb9
HngrAmb0.wav			75 2000 ; 134_0_88_Dreadnaught2 - HngrAmb0
HngrAmb1.wav			75 2000 ; 134_0_88_Dreadnaught2 - HngrAmb1
HngrAmb2.wav			75 2000 ; 134_0_88_Dreadnaught2 - HngrAmb2
HngrAmb3.wav			75 2000 ; 134_0_88_Dreadnaught2 - HngrAmb3
HngrAmb4.wav			75 2000 ; 134_0_88_Dreadnaught2 - HngrAmb4
HngrAmb5.wav			75 2000 ; 134_0_88_Dreadnaught2 - HngrAmb5
HngrAmb6.wav			75 2000 ; 134_0_88_Dreadnaught2 - HngrAmb6
HngrAmb7.wav			75 2000 ; 134_0_88_Dreadnaught2 - HngrAmb7
HngrAmb8.wav			75 2000 ; 134_0_88_Dreadnaught2 - HngrAmb8
HngrAmb9.wav			75 2000 ; 134_0_88_Dreadnaught2 - HngrAmb9
HngrAmb0.wav			75 2000 ; 135_0_89_CalamariCruiserNew - HngrAmb0
HngrAmb1.wav			75 2000 ; 135_0_89_CalamariCruiserNew - HngrAmb1
HngrAmb2.wav			75 2000 ; 135_0_89_CalamariCruiserNew - HngrAmb2
HngrAmb3.wav			75 2000 ; 135_0_89_CalamariCruiserNew - HngrAmb3
HngrAmb4.wav			75 2000 ; 135_0_89_CalamariCruiserNew - HngrAmb4
HngrAmb5.wav			75 2000 ; 135_0_89_CalamariCruiserNew - HngrAmb5
HngrAmb6.wav			75 2000 ; 135_0_89_CalamariCruiserNew - HngrAmb6
HngrAmb7.wav			75 2000 ; 135_0_89_CalamariCruiserNew - HngrAmb7
HngrAmb8.wav			75 2000 ; 135_0_89_CalamariCruiserNew - HngrAmb8
HngrAmb9.wav			75 2000 ; 135_0_89_CalamariCruiserNew - HngrAmb9
unused ; 136_0_90_LightCalamariCruiser - HngrAmb0
unused ; 136_0_90_LightCalamariCruiser - HngrAmb1
unused ; 136_0_90_LightCalamariCruiser - HngrAmb2
unused ; 136_0_90_LightCalamariCruiser - HngrAmb3
unused ; 136_0_90_LightCalamariCruiser - HngrAmb4
unused ; 136_0_90_LightCalamariCruiser - HngrAmb5
unused ; 136_0_90_LightCalamariCruiser - HngrAmb6
unused ; 136_0_90_LightCalamariCruiser - HngrAmb7
unused ; 136_0_90_LightCalamariCruiser - HngrAmb8
unused ; 136_0_90_LightCalamariCruiser - HngrAmb9
HngrAmb0.wav			75 2000 ; 137_0_91_Interdictor2 - HngrAmb0
HngrAmb1.wav			75 2000 ; 137_0_91_Interdictor2 - HngrAmb1
HngrAmb2.wav			75 2000 ; 137_0_91_Interdictor2 - HngrAmb2
HngrAmb3.wav			75 2000 ; 137_0_91_Interdictor2 - HngrAmb3
HngrAmb4.wav			75 2000 ; 137_0_91_Interdictor2 - HngrAmb4
HngrAmb5.wav			75 2000 ; 137_0_91_Interdictor2 - HngrAmb5
HngrAmb6.wav			75 2000 ; 137_0_91_Interdictor2 - HngrAmb6
HngrAmb7.wav			75 2000 ; 137_0_91_Interdictor2 - HngrAmb7
HngrAmb8.wav			75 2000 ; 137_0_91_Interdictor2 - HngrAmb8
HngrAmb9.wav			75 2000 ; 137_0_91_Interdictor2 - HngrAmb9
HngrAmb0.wav			75 2000 ; 138_0_92_VictoryStarDestroyer2 - HngrAmb0
HngrAmb1.wav			75 2000 ; 138_0_92_VictoryStarDestroyer2 - HngrAmb1
HngrAmb2.wav			75 2000 ; 138_0_92_VictoryStarDestroyer2 - HngrAmb2
HngrAmb3.wav			75 2000 ; 138_0_92_VictoryStarDestroyer2 - HngrAmb3
HngrAmb4.wav			75 2000 ; 138_0_92_VictoryStarDestroyer2 - HngrAmb4
HngrAmb5.wav			75 2000 ; 138_0_92_VictoryStarDestroyer2 - HngrAmb5
HngrAmb6.wav			75 2000 ; 138_0_92_VictoryStarDestroyer2 - HngrAmb6
HngrAmb7.wav			75 2000 ; 138_0_92_VictoryStarDestroyer2 - HngrAmb7
HngrAmb8.wav			75 2000 ; 138_0_92_VictoryStarDestroyer2 - HngrAmb8
HngrAmb9.wav			75 2000 ; 138_0_92_VictoryStarDestroyer2 - HngrAmb9
HngrAmb0.wav			75 2000 ; 139_0_93_ImperialStarDestroyer2 - HngrAmb0
HngrAmb1.wav			75 2000 ; 139_0_93_ImperialStarDestroyer2 - HngrAmb1
HngrAmb2.wav			75 2000 ; 139_0_93_ImperialStarDestroyer2 - HngrAmb2
HngrAmb3.wav			75 2000 ; 139_0_93_ImperialStarDestroyer2 - HngrAmb3
HngrAmb4.wav			75 2000 ; 139_0_93_ImperialStarDestroyer2 - HngrAmb4
HngrAmb5.wav			75 2000 ; 139_0_93_ImperialStarDestroyer2 - HngrAmb5
HngrAmb6.wav			75 2000 ; 139_0_93_ImperialStarDestroyer2 - HngrAmb6
HngrAmb7.wav			75 2000 ; 139_0_93_ImperialStarDestroyer2 - HngrAmb7
HngrAmb8.wav			75 2000 ; 139_0_93_ImperialStarDestroyer2 - HngrAmb8
HngrAmb9.wav			75 2000 ; 139_0_93_ImperialStarDestroyer2 - HngrAmb9
HngrAmb0.wav			75 2000 ; 140_0_94_SuperStarDestroyer - HngrAmb0
HngrAmb1.wav			75 2000 ; 140_0_94_SuperStarDestroyer - HngrAmb1
HngrAmb2.wav			75 2000 ; 140_0_94_SuperStarDestroyer - HngrAmb2
HngrAmb3.wav			75 2000 ; 140_0_94_SuperStarDestroyer - HngrAmb3
HngrAmb4.wav			75 2000 ; 140_0_94_SuperStarDestroyer - HngrAmb4
HngrAmb5.wav			75 2000 ; 140_0_94_SuperStarDestroyer - HngrAmb5
HngrAmb6.wav			75 2000 ; 140_0_94_SuperStarDestroyer - HngrAmb6
HngrAmb7.wav			75 2000 ; 140_0_94_SuperStarDestroyer - HngrAmb7
HngrAmb8.wav			75 2000 ; 140_0_94_SuperStarDestroyer - HngrAmb8
HngrAmb9.wav			75 2000 ; 140_0_94_SuperStarDestroyer - HngrAmb9
unused ; 141_0_95_ModStrikeCruiser - HngrAmb0
unused ; 141_0_95_ModStrikeCruiser - HngrAmb1
unused ; 141_0_95_ModStrikeCruiser - HngrAmb2
unused ; 141_0_95_ModStrikeCruiser - HngrAmb3
unused ; 141_0_95_ModStrikeCruiser - HngrAmb4
unused ; 141_0_95_ModStrikeCruiser - HngrAmb5
unused ; 141_0_95_ModStrikeCruiser - HngrAmb6
unused ; 141_0_95_ModStrikeCruiser - HngrAmb7
unused ; 141_0_95_ModStrikeCruiser - HngrAmb8
unused ; 141_0_95_ModStrikeCruiser - HngrAmb9
unused ; 142_0_96_LancerFrigate - HngrAmb0
unused ; 142_0_96_LancerFrigate - HngrAmb1
unused ; 142_0_96_LancerFrigate - HngrAmb2
unused ; 142_0_96_LancerFrigate - HngrAmb3
unused ; 142_0_96_LancerFrigate - HngrAmb4
unused ; 142_0_96_LancerFrigate - HngrAmb5
unused ; 142_0_96_LancerFrigate - HngrAmb6
unused ; 142_0_96_LancerFrigate - HngrAmb7
unused ; 142_0_96_LancerFrigate - HngrAmb8
unused ; 142_0_96_LancerFrigate - HngrAmb9
unused ; 143_0_97_BulkCruiser - HngrAmb0
unused ; 143_0_97_BulkCruiser - HngrAmb1
unused ; 143_0_97_BulkCruiser - HngrAmb2
unused ; 143_0_97_BulkCruiser - HngrAmb3
unused ; 143_0_97_BulkCruiser - HngrAmb4
unused ; 143_0_97_BulkCruiser - HngrAmb5
unused ; 143_0_97_BulkCruiser - HngrAmb6
unused ; 143_0_97_BulkCruiser - HngrAmb7
unused ; 143_0_97_BulkCruiser - HngrAmb8
unused ; 143_0_97_BulkCruiser - HngrAmb9
unused ; 144_0_98_AssaultFrigate - HngrAmb0
unused ; 144_0_98_AssaultFrigate - HngrAmb1
unused ; 144_0_98_AssaultFrigate - HngrAmb2
unused ; 144_0_98_AssaultFrigate - HngrAmb3
unused ; 144_0_98_AssaultFrigate - HngrAmb4
unused ; 144_0_98_AssaultFrigate - HngrAmb5
unused ; 144_0_98_AssaultFrigate - HngrAmb6
unused ; 144_0_98_AssaultFrigate - HngrAmb7
unused ; 144_0_98_AssaultFrigate - HngrAmb8
unused ; 144_0_98_AssaultFrigate - HngrAmb9
unused ; 145_0_99_CorellianGunship - HngrAmb0
unused ; 145_0_99_CorellianGunship - HngrAmb1
unused ; 145_0_99_CorellianGunship - HngrAmb2
unused ; 145_0_99_CorellianGunship - HngrAmb3
unused ; 145_0_99_CorellianGunship - HngrAmb4
unused ; 145_0_99_CorellianGunship - HngrAmb5
unused ; 145_0_99_CorellianGunship - HngrAmb6
unused ; 145_0_99_CorellianGunship - HngrAmb7
unused ; 145_0_99_CorellianGunship - HngrAmb8
unused ; 145_0_99_CorellianGunship - HngrAmb9
unused ; 146_0_100_MarauderCorvette - HngrAmb0
unused ; 146_0_100_MarauderCorvette - HngrAmb1
unused ; 146_0_100_MarauderCorvette - HngrAmb2
unused ; 146_0_100_MarauderCorvette - HngrAmb3
unused ; 146_0_100_MarauderCorvette - HngrAmb4
unused ; 146_0_100_MarauderCorvette - HngrAmb5
unused ; 146_0_100_MarauderCorvette - HngrAmb6
unused ; 146_0_100_MarauderCorvette - HngrAmb7
unused ; 146_0_100_MarauderCorvette - HngrAmb8
unused ; 146_0_100_MarauderCorvette - HngrAmb9
unused ; 147_0_101_ImpResearchShip - HngrAmb0
unused ; 147_0_101_ImpResearchShip - HngrAmb1
unused ; 147_0_101_ImpResearchShip - HngrAmb2
unused ; 147_0_101_ImpResearchShip - HngrAmb3
unused ; 147_0_101_ImpResearchShip - HngrAmb4
unused ; 147_0_101_ImpResearchShip - HngrAmb5
unused ; 147_0_101_ImpResearchShip - HngrAmb6
unused ; 147_0_101_ImpResearchShip - HngrAmb7
unused ; 147_0_101_ImpResearchShip - HngrAmb8
unused ; 147_0_101_ImpResearchShip - HngrAmb9
HngrAmb0.wav			75 2000 ; 148_0_135_CalamariWinged - HngrAmb0
HngrAmb1.wav			75 2000 ; 148_0_135_CalamariWinged - HngrAmb1
HngrAmb2.wav			75 2000 ; 148_0_135_CalamariWinged - HngrAmb2
HngrAmb3.wav			75 2000 ; 148_0_135_CalamariWinged - HngrAmb3
HngrAmb4.wav			75 2000 ; 148_0_135_CalamariWinged - HngrAmb4
HngrAmb5.wav			75 2000 ; 148_0_135_CalamariWinged - HngrAmb5
HngrAmb6.wav			75 2000 ; 148_0_135_CalamariWinged - HngrAmb6
HngrAmb7.wav			75 2000 ; 148_0_135_CalamariWinged - HngrAmb7
HngrAmb8.wav			75 2000 ; 148_0_135_CalamariWinged - HngrAmb8
HngrAmb9.wav			75 2000 ; 148_0_135_CalamariWinged - HngrAmb9
HngrAmb0.wav			75 2000 ; 149_0_92_VictoryStarDestroyer2 - HngrAmb0
HngrAmb1.wav			75 2000 ; 149_0_92_VictoryStarDestroyer2 - HngrAmb1
HngrAmb2.wav			75 2000 ; 149_0_92_VictoryStarDestroyer2 - HngrAmb2
HngrAmb3.wav			75 2000 ; 149_0_92_VictoryStarDestroyer2 - HngrAmb3
HngrAmb4.wav			75 2000 ; 149_0_92_VictoryStarDestroyer2 - HngrAmb4
HngrAmb5.wav			75 2000 ; 149_0_92_VictoryStarDestroyer2 - HngrAmb5
HngrAmb6.wav			75 2000 ; 149_0_92_VictoryStarDestroyer2 - HngrAmb6
HngrAmb7.wav			75 2000 ; 149_0_92_VictoryStarDestroyer2 - HngrAmb7
HngrAmb8.wav			75 2000 ; 149_0_92_VictoryStarDestroyer2 - HngrAmb8
HngrAmb9.wav			75 2000 ; 149_0_92_VictoryStarDestroyer2 - HngrAmb9
HngrAmb0.wav			75 2000 ; 150_0_141_ImperialStarDestroyer2 - HngrAmb0
HngrAmb1.wav			75 2000 ; 150_0_141_ImperialStarDestroyer2 - HngrAmb1
HngrAmb2.wav			75 2000 ; 150_0_141_ImperialStarDestroyer2 - HngrAmb2
HngrAmb3.wav			75 2000 ; 150_0_141_ImperialStarDestroyer2 - HngrAmb3
HngrAmb4.wav			75 2000 ; 150_0_141_ImperialStarDestroyer2 - HngrAmb4
HngrAmb5.wav			75 2000 ; 150_0_141_ImperialStarDestroyer2 - HngrAmb5
HngrAmb6.wav			75 2000 ; 150_0_141_ImperialStarDestroyer2 - HngrAmb6
HngrAmb7.wav			75 2000 ; 150_0_141_ImperialStarDestroyer2 - HngrAmb7
HngrAmb8.wav			75 2000 ; 150_0_141_ImperialStarDestroyer2 - HngrAmb8
HngrAmb9.wav			75 2000 ; 150_0_141_ImperialStarDestroyer2 - HngrAmb9
unused ; 151__1_0 - HngrAmb0
unused ; 151__1_0 - HngrAmb1
unused ; 151__1_0 - HngrAmb2
unused ; 151__1_0 - HngrAmb3
unused ; 151__1_0 - HngrAmb4
unused ; 151__1_0 - HngrAmb5
unused ; 151__1_0 - HngrAmb6
unused ; 151__1_0 - HngrAmb7
unused ; 151__1_0 - HngrAmb8
unused ; 151__1_0 - HngrAmb9
unused ; 152__1_0 - HngrAmb0
unused ; 152__1_0 - HngrAmb1
unused ; 152__1_0 - HngrAmb2
unused ; 152__1_0 - HngrAmb3
unused ; 152__1_0 - HngrAmb4
unused ; 152__1_0 - HngrAmb5
unused ; 152__1_0 - HngrAmb6
unused ; 152__1_0 - HngrAmb7
unused ; 152__1_0 - HngrAmb8
unused ; 152__1_0 - HngrAmb9
HngrAmb0.wav			75 2000 ; 153_0_102_Platform1 - HngrAmb0
HngrAmb1.wav			75 2000 ; 153_0_102_Platform1 - HngrAmb1
HngrAmb2.wav			75 2000 ; 153_0_102_Platform1 - HngrAmb2
HngrAmb3.wav			75 2000 ; 153_0_102_Platform1 - HngrAmb3
HngrAmb4.wav			75 2000 ; 153_0_102_Platform1 - HngrAmb4
HngrAmb5.wav			75 2000 ; 153_0_102_Platform1 - HngrAmb5
HngrAmb6.wav			75 2000 ; 153_0_102_Platform1 - HngrAmb6
HngrAmb7.wav			75 2000 ; 153_0_102_Platform1 - HngrAmb7
HngrAmb8.wav			75 2000 ; 153_0_102_Platform1 - HngrAmb8
HngrAmb9.wav			75 2000 ; 153_0_102_Platform1 - HngrAmb9
HngrAmb0.wav			75 2000 ; 154_0_103_Platform2 - HngrAmb0
HngrAmb1.wav			75 2000 ; 154_0_103_Platform2 - HngrAmb1
HngrAmb2.wav			75 2000 ; 154_0_103_Platform2 - HngrAmb2
HngrAmb3.wav			75 2000 ; 154_0_103_Platform2 - HngrAmb3
HngrAmb4.wav			75 2000 ; 154_0_103_Platform2 - HngrAmb4
HngrAmb5.wav			75 2000 ; 154_0_103_Platform2 - HngrAmb5
HngrAmb6.wav			75 2000 ; 154_0_103_Platform2 - HngrAmb6
HngrAmb7.wav			75 2000 ; 154_0_103_Platform2 - HngrAmb7
HngrAmb8.wav			75 2000 ; 154_0_103_Platform2 - HngrAmb8
HngrAmb9.wav			75 2000 ; 154_0_103_Platform2 - HngrAmb9
unused ; 155_0_104_Platform3 - HngrAmb0
unused ; 155_0_104_Platform3 - HngrAmb1
unused ; 155_0_104_Platform3 - HngrAmb2
unused ; 155_0_104_Platform3 - HngrAmb3
unused ; 155_0_104_Platform3 - HngrAmb4
unused ; 155_0_104_Platform3 - HngrAmb5
unused ; 155_0_104_Platform3 - HngrAmb6
unused ; 155_0_104_Platform3 - HngrAmb7
unused ; 155_0_104_Platform3 - HngrAmb8
unused ; 155_0_104_Platform3 - HngrAmb9
unused ; 156_0_105_Platform4 - HngrAmb0
unused ; 156_0_105_Platform4 - HngrAmb1
unused ; 156_0_105_Platform4 - HngrAmb2
unused ; 156_0_105_Platform4 - HngrAmb3
unused ; 156_0_105_Platform4 - HngrAmb4
unused ; 156_0_105_Platform4 - HngrAmb5
unused ; 156_0_105_Platform4 - HngrAmb6
unused ; 156_0_105_Platform4 - HngrAmb7
unused ; 156_0_105_Platform4 - HngrAmb8
unused ; 156_0_105_Platform4 - HngrAmb9
HngrAmb0.wav			75 2000 ; 157_0_106_Platform5 - HngrAmb0
HngrAmb1.wav			75 2000 ; 157_0_106_Platform5 - HngrAmb1
HngrAmb2.wav			75 2000 ; 157_0_106_Platform5 - HngrAmb2
HngrAmb3.wav			75 2000 ; 157_0_106_Platform5 - HngrAmb3
HngrAmb4.wav			75 2000 ; 157_0_106_Platform5 - HngrAmb4
HngrAmb5.wav			75 2000 ; 157_0_106_Platform5 - HngrAmb5
HngrAmb6.wav			75 2000 ; 157_0_106_Platform5 - HngrAmb6
HngrAmb7.wav			75 2000 ; 157_0_106_Platform5 - HngrAmb7
HngrAmb8.wav			75 2000 ; 157_0_106_Platform5 - HngrAmb8
HngrAmb9.wav			75 2000 ; 157_0_106_Platform5 - HngrAmb9
unused ; 158_0_107_Platform6 - HngrAmb0
unused ; 158_0_107_Platform6 - HngrAmb1
unused ; 158_0_107_Platform6 - HngrAmb2
unused ; 158_0_107_Platform6 - HngrAmb3
unused ; 158_0_107_Platform6 - HngrAmb4
unused ; 158_0_107_Platform6 - HngrAmb5
unused ; 158_0_107_Platform6 - HngrAmb6
unused ; 158_0_107_Platform6 - HngrAmb7
unused ; 158_0_107_Platform6 - HngrAmb8
unused ; 158_0_107_Platform6 - HngrAmb9
HngrAmb0.wav			75 2000 ; 159_0_108_AsteroidBase - HngrAmb0
HngrAmb1.wav			75 2000 ; 159_0_108_AsteroidBase - HngrAmb1
HngrAmb2.wav			75 2000 ; 159_0_108_AsteroidBase - HngrAmb2
HngrAmb3.wav			75 2000 ; 159_0_108_AsteroidBase - HngrAmb3
HngrAmb4.wav			75 2000 ; 159_0_108_AsteroidBase - HngrAmb4
HngrAmb5.wav			75 2000 ; 159_0_108_AsteroidBase - HngrAmb5
HngrAmb6.wav			75 2000 ; 159_0_108_AsteroidBase - HngrAmb6
HngrAmb7.wav			75 2000 ; 159_0_108_AsteroidBase - HngrAmb7
HngrAmb8.wav			75 2000 ; 159_0_108_AsteroidBase - HngrAmb8
HngrAmb9.wav			75 2000 ; 159_0_108_AsteroidBase - HngrAmb9
unused ; 160_0_109_Factory - HngrAmb0
unused ; 160_0_109_Factory - HngrAmb1
unused ; 160_0_109_Factory - HngrAmb2
unused ; 160_0_109_Factory - HngrAmb3
unused ; 160_0_109_Factory - HngrAmb4
unused ; 160_0_109_Factory - HngrAmb5
unused ; 160_0_109_Factory - HngrAmb6
unused ; 160_0_109_Factory - HngrAmb7
unused ; 160_0_109_Factory - HngrAmb8
unused ; 160_0_109_Factory - HngrAmb9
unused ; 161_0_110_ShipYard - HngrAmb0
unused ; 161_0_110_ShipYard - HngrAmb1
unused ; 161_0_110_ShipYard - HngrAmb2
unused ; 161_0_110_ShipYard - HngrAmb3
unused ; 161_0_110_ShipYard - HngrAmb4
unused ; 161_0_110_ShipYard - HngrAmb5
unused ; 161_0_110_ShipYard - HngrAmb6
unused ; 161_0_110_ShipYard - HngrAmb7
unused ; 161_0_110_ShipYard - HngrAmb8
unused ; 161_0_110_ShipYard - HngrAmb9
unused ; 162_0_111_RepairYard - HngrAmb0
unused ; 162_0_111_RepairYard - HngrAmb1
unused ; 162_0_111_RepairYard - HngrAmb2
unused ; 162_0_111_RepairYard - HngrAmb3
unused ; 162_0_111_RepairYard - HngrAmb4
unused ; 162_0_111_RepairYard - HngrAmb5
unused ; 162_0_111_RepairYard - HngrAmb6
unused ; 162_0_111_RepairYard - HngrAmb7
unused ; 162_0_111_RepairYard - HngrAmb8
unused ; 162_0_111_RepairYard - HngrAmb9
unused ; 163_0_112_GolanOne - HngrAmb0
unused ; 163_0_112_GolanOne - HngrAmb1
unused ; 163_0_112_GolanOne - HngrAmb2
unused ; 163_0_112_GolanOne - HngrAmb3
unused ; 163_0_112_GolanOne - HngrAmb4
unused ; 163_0_112_GolanOne - HngrAmb5
unused ; 163_0_112_GolanOne - HngrAmb6
unused ; 163_0_112_GolanOne - HngrAmb7
unused ; 163_0_112_GolanOne - HngrAmb8
unused ; 163_0_112_GolanOne - HngrAmb9
unused ; 164_0_113_GolanTwo - HngrAmb0
unused ; 164_0_113_GolanTwo - HngrAmb1
unused ; 164_0_113_GolanTwo - HngrAmb2
unused ; 164_0_113_GolanTwo - HngrAmb3
unused ; 164_0_113_GolanTwo - HngrAmb4
unused ; 164_0_113_GolanTwo - HngrAmb5
unused ; 164_0_113_GolanTwo - HngrAmb6
unused ; 164_0_113_GolanTwo - HngrAmb7
unused ; 164_0_113_GolanTwo - HngrAmb8
unused ; 164_0_113_GolanTwo - HngrAmb9
unused ; 165_0_114_GolanThree - HngrAmb0
unused ; 165_0_114_GolanThree - HngrAmb1
unused ; 165_0_114_GolanThree - HngrAmb2
unused ; 165_0_114_GolanThree - HngrAmb3
unused ; 165_0_114_GolanThree - HngrAmb4
unused ; 165_0_114_GolanThree - HngrAmb5
unused ; 165_0_114_GolanThree - HngrAmb6
unused ; 165_0_114_GolanThree - HngrAmb7
unused ; 165_0_114_GolanThree - HngrAmb8
unused ; 165_0_114_GolanThree - HngrAmb9
unused ; 166_0_115_DerilynPlatform - HngrAmb0
unused ; 166_0_115_DerilynPlatform - HngrAmb1
unused ; 166_0_115_DerilynPlatform - HngrAmb2
unused ; 166_0_115_DerilynPlatform - HngrAmb3
unused ; 166_0_115_DerilynPlatform - HngrAmb4
unused ; 166_0_115_DerilynPlatform - HngrAmb5
unused ; 166_0_115_DerilynPlatform - HngrAmb6
unused ; 166_0_115_DerilynPlatform - HngrAmb7
unused ; 166_0_115_DerilynPlatform - HngrAmb8
unused ; 166_0_115_DerilynPlatform - HngrAmb9
unused ; 167_0_116_SensorArray - HngrAmb0
unused ; 167_0_116_SensorArray - HngrAmb1
unused ; 167_0_116_SensorArray - HngrAmb2
unused ; 167_0_116_SensorArray - HngrAmb3
unused ; 167_0_116_SensorArray - HngrAmb4
unused ; 167_0_116_SensorArray - HngrAmb5
unused ; 167_0_116_SensorArray - HngrAmb6
unused ; 167_0_116_SensorArray - HngrAmb7
unused ; 167_0_116_SensorArray - HngrAmb8
unused ; 167_0_116_SensorArray - HngrAmb9
unused ; 168_0_117_CommRelay - HngrAmb0
unused ; 168_0_117_CommRelay - HngrAmb1
unused ; 168_0_117_CommRelay - HngrAmb2
unused ; 168_0_117_CommRelay - HngrAmb3
unused ; 168_0_117_CommRelay - HngrAmb4
unused ; 168_0_117_CommRelay - HngrAmb5
unused ; 168_0_117_CommRelay - HngrAmb6
unused ; 168_0_117_CommRelay - HngrAmb7
unused ; 168_0_117_CommRelay - HngrAmb8
unused ; 168_0_117_CommRelay - HngrAmb9
unused ; 169_0_118_SpaceColony1 - HngrAmb0
unused ; 169_0_118_SpaceColony1 - HngrAmb1
unused ; 169_0_118_SpaceColony1 - HngrAmb2
unused ; 169_0_118_SpaceColony1 - HngrAmb3
unused ; 169_0_118_SpaceColony1 - HngrAmb4
unused ; 169_0_118_SpaceColony1 - HngrAmb5
unused ; 169_0_118_SpaceColony1 - HngrAmb6
unused ; 169_0_118_SpaceColony1 - HngrAmb7
unused ; 169_0_118_SpaceColony1 - HngrAmb8
unused ; 169_0_118_SpaceColony1 - HngrAmb9
unused ; 170_0_119_SpaceColony2 - HngrAmb0
unused ; 170_0_119_SpaceColony2 - HngrAmb1
unused ; 170_0_119_SpaceColony2 - HngrAmb2
unused ; 170_0_119_SpaceColony2 - HngrAmb3
unused ; 170_0_119_SpaceColony2 - HngrAmb4
unused ; 170_0_119_SpaceColony2 - HngrAmb5
unused ; 170_0_119_SpaceColony2 - HngrAmb6
unused ; 170_0_119_SpaceColony2 - HngrAmb7
unused ; 170_0_119_SpaceColony2 - HngrAmb8
unused ; 170_0_119_SpaceColony2 - HngrAmb9
unused ; 171_0_120_SpaceColony3 - HngrAmb0
unused ; 171_0_120_SpaceColony3 - HngrAmb1
unused ; 171_0_120_SpaceColony3 - HngrAmb2
unused ; 171_0_120_SpaceColony3 - HngrAmb3
unused ; 171_0_120_SpaceColony3 - HngrAmb4
unused ; 171_0_120_SpaceColony3 - HngrAmb5
unused ; 171_0_120_SpaceColony3 - HngrAmb6
unused ; 171_0_120_SpaceColony3 - HngrAmb7
unused ; 171_0_120_SpaceColony3 - HngrAmb8
unused ; 171_0_120_SpaceColony3 - HngrAmb9
unused ; 172_0_121_Casino - HngrAmb0
unused ; 172_0_121_Casino - HngrAmb1
unused ; 172_0_121_Casino - HngrAmb2
unused ; 172_0_121_Casino - HngrAmb3
unused ; 172_0_121_Casino - HngrAmb4
unused ; 172_0_121_Casino - HngrAmb5
unused ; 172_0_121_Casino - HngrAmb6
unused ; 172_0_121_Casino - HngrAmb7
unused ; 172_0_121_Casino - HngrAmb8
unused ; 172_0_121_Casino - HngrAmb9
unused ; 173_0_122_CargoFacility1 - HngrAmb0
unused ; 173_0_122_CargoFacility1 - HngrAmb1
unused ; 173_0_122_CargoFacility1 - HngrAmb2
unused ; 173_0_122_CargoFacility1 - HngrAmb3
unused ; 173_0_122_CargoFacility1 - HngrAmb4
unused ; 173_0_122_CargoFacility1 - HngrAmb5
unused ; 173_0_122_CargoFacility1 - HngrAmb6
unused ; 173_0_122_CargoFacility1 - HngrAmb7
unused ; 173_0_122_CargoFacility1 - HngrAmb8
unused ; 173_0_122_CargoFacility1 - HngrAmb9
unused ; 174_0_123_CargoFacility2 - HngrAmb0
unused ; 174_0_123_CargoFacility2 - HngrAmb1
unused ; 174_0_123_CargoFacility2 - HngrAmb2
unused ; 174_0_123_CargoFacility2 - HngrAmb3
unused ; 174_0_123_CargoFacility2 - HngrAmb4
unused ; 174_0_123_CargoFacility2 - HngrAmb5
unused ; 174_0_123_CargoFacility2 - HngrAmb6
unused ; 174_0_123_CargoFacility2 - HngrAmb7
unused ; 174_0_123_CargoFacility2 - HngrAmb8
unused ; 174_0_123_CargoFacility2 - HngrAmb9
unused ; 175_0_124_AsteroidMiningUnit - HngrAmb0
unused ; 175_0_124_AsteroidMiningUnit - HngrAmb1
unused ; 175_0_124_AsteroidMiningUnit - HngrAmb2
unused ; 175_0_124_AsteroidMiningUnit - HngrAmb3
unused ; 175_0_124_AsteroidMiningUnit - HngrAmb4
unused ; 175_0_124_AsteroidMiningUnit - HngrAmb5
unused ; 175_0_124_AsteroidMiningUnit - HngrAmb6
unused ; 175_0_124_AsteroidMiningUnit - HngrAmb7
unused ; 175_0_124_AsteroidMiningUnit - HngrAmb8
unused ; 175_0_124_AsteroidMiningUnit - HngrAmb9
unused ; 176_0_125_ProcessingPlant - HngrAmb0
unused ; 176_0_125_ProcessingPlant - HngrAmb1
unused ; 176_0_125_ProcessingPlant - HngrAmb2
unused ; 176_0_125_ProcessingPlant - HngrAmb3
unused ; 176_0_125_ProcessingPlant - HngrAmb4
unused ; 176_0_125_ProcessingPlant - HngrAmb5
unused ; 176_0_125_ProcessingPlant - HngrAmb6
unused ; 176_0_125_ProcessingPlant - HngrAmb7
unused ; 176_0_125_ProcessingPlant - HngrAmb8
unused ; 176_0_125_ProcessingPlant - HngrAmb9
HngrAmb0.wav			75 2000 ; 177_0_126_RebelPlatform - HngrAmb0
HngrAmb1.wav			75 2000 ; 177_0_126_RebelPlatform - HngrAmb1
HngrAmb2.wav			75 2000 ; 177_0_126_RebelPlatform - HngrAmb2
HngrAmb3.wav			75 2000 ; 177_0_126_RebelPlatform - HngrAmb3
HngrAmb4.wav			75 2000 ; 177_0_126_RebelPlatform - HngrAmb4
HngrAmb5.wav			75 2000 ; 177_0_126_RebelPlatform - HngrAmb5
HngrAmb6.wav			75 2000 ; 177_0_126_RebelPlatform - HngrAmb6
HngrAmb7.wav			75 2000 ; 177_0_126_RebelPlatform - HngrAmb7
HngrAmb8.wav			75 2000 ; 177_0_126_RebelPlatform - HngrAmb8
HngrAmb9.wav			75 2000 ; 177_0_126_RebelPlatform - HngrAmb9
HngrAmb0.wav			75 2000 ; 178_0_127_ImpResearchCenter - HngrAmb0
HngrAmb1.wav			75 2000 ; 178_0_127_ImpResearchCenter - HngrAmb1
HngrAmb2.wav			75 2000 ; 178_0_127_ImpResearchCenter - HngrAmb2
HngrAmb3.wav			75 2000 ; 178_0_127_ImpResearchCenter - HngrAmb3
HngrAmb4.wav			75 2000 ; 178_0_127_ImpResearchCenter - HngrAmb4
HngrAmb5.wav			75 2000 ; 178_0_127_ImpResearchCenter - HngrAmb5
HngrAmb6.wav			75 2000 ; 178_0_127_ImpResearchCenter - HngrAmb6
HngrAmb7.wav			75 2000 ; 178_0_127_ImpResearchCenter - HngrAmb7
HngrAmb8.wav			75 2000 ; 178_0_127_ImpResearchCenter - HngrAmb8
HngrAmb9.wav			75 2000 ; 178_0_127_ImpResearchCenter - HngrAmb9
HngrAmb0.wav			75 2000 ; 179_0_128_FamilyBase - HngrAmb0
HngrAmb1.wav			75 2000 ; 179_0_128_FamilyBase - HngrAmb1
HngrAmb2.wav			75 2000 ; 179_0_128_FamilyBase - HngrAmb2
HngrAmb3.wav			75 2000 ; 179_0_128_FamilyBase - HngrAmb3
HngrAmb4.wav			75 2000 ; 179_0_128_FamilyBase - HngrAmb4
HngrAmb5.wav			75 2000 ; 179_0_128_FamilyBase - HngrAmb5
HngrAmb6.wav			75 2000 ; 179_0_128_FamilyBase - HngrAmb6
HngrAmb7.wav			75 2000 ; 179_0_128_FamilyBase - HngrAmb7
HngrAmb8.wav			75 2000 ; 179_0_128_FamilyBase - HngrAmb8
HngrAmb9.wav			75 2000 ; 179_0_128_FamilyBase - HngrAmb9
unused ; 180_0_129_FamilyRepairYard - HngrAmb0
unused ; 180_0_129_FamilyRepairYard - HngrAmb1
unused ; 180_0_129_FamilyRepairYard - HngrAmb2
unused ; 180_0_129_FamilyRepairYard - HngrAmb3
unused ; 180_0_129_FamilyRepairYard - HngrAmb4
unused ; 180_0_129_FamilyRepairYard - HngrAmb5
unused ; 180_0_129_FamilyRepairYard - HngrAmb6
unused ; 180_0_129_FamilyRepairYard - HngrAmb7
unused ; 180_0_129_FamilyRepairYard - HngrAmb8
unused ; 180_0_129_FamilyRepairYard - HngrAmb9
HngrAmb0.wav			75 2000 ; 181_0_130_PirateShipyard - HngrAmb0
HngrAmb1.wav			75 2000 ; 181_0_130_PirateShipyard - HngrAmb1
HngrAmb2.wav			75 2000 ; 181_0_130_PirateShipyard - HngrAmb2
HngrAmb3.wav			75 2000 ; 181_0_130_PirateShipyard - HngrAmb3
HngrAmb4.wav			75 2000 ; 181_0_130_PirateShipyard - HngrAmb4
HngrAmb5.wav			75 2000 ; 181_0_130_PirateShipyard - HngrAmb5
HngrAmb6.wav			75 2000 ; 181_0_130_PirateShipyard - HngrAmb6
HngrAmb7.wav			75 2000 ; 181_0_130_PirateShipyard - HngrAmb7
HngrAmb8.wav			75 2000 ; 181_0_130_PirateShipyard - HngrAmb8
HngrAmb9.wav			75 2000 ; 181_0_130_PirateShipyard - HngrAmb9
unused ; 182_0_131_IndustrialComplex - HngrAmb0
unused ; 182_0_131_IndustrialComplex - HngrAmb1
unused ; 182_0_131_IndustrialComplex - HngrAmb2
unused ; 182_0_131_IndustrialComplex - HngrAmb3
unused ; 182_0_131_IndustrialComplex - HngrAmb4
unused ; 182_0_131_IndustrialComplex - HngrAmb5
unused ; 182_0_131_IndustrialComplex - HngrAmb6
unused ; 182_0_131_IndustrialComplex - HngrAmb7
unused ; 182_0_131_IndustrialComplex - HngrAmb8
unused ; 182_0_131_IndustrialComplex - HngrAmb9
unused ; 183_0_132_PirateJunkyardBase - HngrAmb0
unused ; 183_0_132_PirateJunkyardBase - HngrAmb1
unused ; 183_0_132_PirateJunkyardBase - HngrAmb2
unused ; 183_0_132_PirateJunkyardBase - HngrAmb3
unused ; 183_0_132_PirateJunkyardBase - HngrAmb4
unused ; 183_0_132_PirateJunkyardBase - HngrAmb5
unused ; 183_0_132_PirateJunkyardBase - HngrAmb6
unused ; 183_0_132_PirateJunkyardBase - HngrAmb7
unused ; 183_0_132_PirateJunkyardBase - HngrAmb8
unused ; 183_0_132_PirateJunkyardBase - HngrAmb9
unused ; 184__1_0 - HngrAmb0
unused ; 184__1_0 - HngrAmb1
unused ; 184__1_0 - HngrAmb2
unused ; 184__1_0 - HngrAmb3
unused ; 184__1_0 - HngrAmb4
unused ; 184__1_0 - HngrAmb5
unused ; 184__1_0 - HngrAmb6
unused ; 184__1_0 - HngrAmb7
unused ; 184__1_0 - HngrAmb8
unused ; 184__1_0 - HngrAmb9
unused ; 185__1_0 - HngrAmb0
unused ; 185__1_0 - HngrAmb1
unused ; 185__1_0 - HngrAmb2
unused ; 185__1_0 - HngrAmb3
unused ; 185__1_0 - HngrAmb4
unused ; 185__1_0 - HngrAmb5
unused ; 185__1_0 - HngrAmb6
unused ; 185__1_0 - HngrAmb7
unused ; 185__1_0 - HngrAmb8
unused ; 185__1_0 - HngrAmb9
unused ; 186__1_0 - HngrAmb0
unused ; 186__1_0 - HngrAmb1
unused ; 186__1_0 - HngrAmb2
unused ; 186__1_0 - HngrAmb3
unused ; 186__1_0 - HngrAmb4
unused ; 186__1_0 - HngrAmb5
unused ; 186__1_0 - HngrAmb6
unused ; 186__1_0 - HngrAmb7
unused ; 186__1_0 - HngrAmb8
unused ; 186__1_0 - HngrAmb9
unused ; 187__1_0 - HngrAmb0
unused ; 187__1_0 - HngrAmb1
unused ; 187__1_0 - HngrAmb2
unused ; 187__1_0 - HngrAmb3
unused ; 187__1_0 - HngrAmb4
unused ; 187__1_0 - HngrAmb5
unused ; 187__1_0 - HngrAmb6
unused ; 187__1_0 - HngrAmb7
unused ; 187__1_0 - HngrAmb8
unused ; 187__1_0 - HngrAmb9
unused ; 188__1_0 - HngrAmb0
unused ; 188__1_0 - HngrAmb1
unused ; 188__1_0 - HngrAmb2
unused ; 188__1_0 - HngrAmb3
unused ; 188__1_0 - HngrAmb4
unused ; 188__1_0 - HngrAmb5
unused ; 188__1_0 - HngrAmb6
unused ; 188__1_0 - HngrAmb7
unused ; 188__1_0 - HngrAmb8
unused ; 188__1_0 - HngrAmb9
unused ; 189__1_0 - HngrAmb0
unused ; 189__1_0 - HngrAmb1
unused ; 189__1_0 - HngrAmb2
unused ; 189__1_0 - HngrAmb3
unused ; 189__1_0 - HngrAmb4
unused ; 189__1_0 - HngrAmb5
unused ; 189__1_0 - HngrAmb6
unused ; 189__1_0 - HngrAmb7
unused ; 189__1_0 - HngrAmb8
unused ; 189__1_0 - HngrAmb9
unused ; 190__1_0 - HngrAmb0
unused ; 190__1_0 - HngrAmb1
unused ; 190__1_0 - HngrAmb2
unused ; 190__1_0 - HngrAmb3
unused ; 190__1_0 - HngrAmb4
unused ; 190__1_0 - HngrAmb5
unused ; 190__1_0 - HngrAmb6
unused ; 190__1_0 - HngrAmb7
unused ; 190__1_0 - HngrAmb8
unused ; 190__1_0 - HngrAmb9
unused ; 191__1_0 - HngrAmb0
unused ; 191__1_0 - HngrAmb1
unused ; 191__1_0 - HngrAmb2
unused ; 191__1_0 - HngrAmb3
unused ; 191__1_0 - HngrAmb4
unused ; 191__1_0 - HngrAmb5
unused ; 191__1_0 - HngrAmb6
unused ; 191__1_0 - HngrAmb7
unused ; 191__1_0 - HngrAmb8
unused ; 191__1_0 - HngrAmb9
unused ; 192_1_40_LaserBat - HngrAmb0
unused ; 192_1_40_LaserBat - HngrAmb1
unused ; 192_1_40_LaserBat - HngrAmb2
unused ; 192_1_40_LaserBat - HngrAmb3
unused ; 192_1_40_LaserBat - HngrAmb4
unused ; 192_1_40_LaserBat - HngrAmb5
unused ; 192_1_40_LaserBat - HngrAmb6
unused ; 192_1_40_LaserBat - HngrAmb7
unused ; 192_1_40_LaserBat - HngrAmb8
unused ; 192_1_40_LaserBat - HngrAmb9
unused ; 193_1_39_IonBat - HngrAmb0
unused ; 193_1_39_IonBat - HngrAmb1
unused ; 193_1_39_IonBat - HngrAmb2
unused ; 193_1_39_IonBat - HngrAmb3
unused ; 193_1_39_IonBat - HngrAmb4
unused ; 193_1_39_IonBat - HngrAmb5
unused ; 193_1_39_IonBat - HngrAmb6
unused ; 193_1_39_IonBat - HngrAmb7
unused ; 193_1_39_IonBat - HngrAmb8
unused ; 193_1_39_IonBat - HngrAmb9
unused ; 194_0_133_AsteroidLaserBattery - HngrAmb0
unused ; 194_0_133_AsteroidLaserBattery - HngrAmb1
unused ; 194_0_133_AsteroidLaserBattery - HngrAmb2
unused ; 194_0_133_AsteroidLaserBattery - HngrAmb3
unused ; 194_0_133_AsteroidLaserBattery - HngrAmb4
unused ; 194_0_133_AsteroidLaserBattery - HngrAmb5
unused ; 194_0_133_AsteroidLaserBattery - HngrAmb6
unused ; 194_0_133_AsteroidLaserBattery - HngrAmb7
unused ; 194_0_133_AsteroidLaserBattery - HngrAmb8
unused ; 194_0_133_AsteroidLaserBattery - HngrAmb9
unused ; 195_0_134_AsteroidWarheadLauncher - HngrAmb0
unused ; 195_0_134_AsteroidWarheadLauncher - HngrAmb1
unused ; 195_0_134_AsteroidWarheadLauncher - HngrAmb2
unused ; 195_0_134_AsteroidWarheadLauncher - HngrAmb3
unused ; 195_0_134_AsteroidWarheadLauncher - HngrAmb4
unused ; 195_0_134_AsteroidWarheadLauncher - HngrAmb5
unused ; 195_0_134_AsteroidWarheadLauncher - HngrAmb6
unused ; 195_0_134_AsteroidWarheadLauncher - HngrAmb7
unused ; 195_0_134_AsteroidWarheadLauncher - HngrAmb8
unused ; 195_0_134_AsteroidWarheadLauncher - HngrAmb9
unused ; 196_1_6_GunPlatform - HngrAmb0
unused ; 196_1_6_GunPlatform - HngrAmb1
unused ; 196_1_6_GunPlatform - HngrAmb2
unused ; 196_1_6_GunPlatform - HngrAmb3
unused ; 196_1_6_GunPlatform - HngrAmb4
unused ; 196_1_6_GunPlatform - HngrAmb5
unused ; 196_1_6_GunPlatform - HngrAmb6
unused ; 196_1_6_GunPlatform - HngrAmb7
unused ; 196_1_6_GunPlatform - HngrAmb8
unused ; 196_1_6_GunPlatform - HngrAmb9
unused ; 197_1_43_GunPad - HngrAmb0
unused ; 197_1_43_GunPad - HngrAmb1
unused ; 197_1_43_GunPad - HngrAmb2
unused ; 197_1_43_GunPad - HngrAmb3
unused ; 197_1_43_GunPad - HngrAmb4
unused ; 197_1_43_GunPad - HngrAmb5
unused ; 197_1_43_GunPad - HngrAmb6
unused ; 197_1_43_GunPad - HngrAmb7
unused ; 197_1_43_GunPad - HngrAmb8
unused ; 197_1_43_GunPad - HngrAmb9
unused ; 198_1_44_GunWarheadPad - HngrAmb0
unused ; 198_1_44_GunWarheadPad - HngrAmb1
unused ; 198_1_44_GunWarheadPad - HngrAmb2
unused ; 198_1_44_GunWarheadPad - HngrAmb3
unused ; 198_1_44_GunWarheadPad - HngrAmb4
unused ; 198_1_44_GunWarheadPad - HngrAmb5
unused ; 198_1_44_GunWarheadPad - HngrAmb6
unused ; 198_1_44_GunWarheadPad - HngrAmb7
unused ; 198_1_44_GunWarheadPad - HngrAmb8
unused ; 198_1_44_GunWarheadPad - HngrAmb9
unused ; 199_1_41_HomingMineA - HngrAmb0
unused ; 199_1_41_HomingMineA - HngrAmb1
unused ; 199_1_41_HomingMineA - HngrAmb2
unused ; 199_1_41_HomingMineA - HngrAmb3
unused ; 199_1_41_HomingMineA - HngrAmb4
unused ; 199_1_41_HomingMineA - HngrAmb5
unused ; 199_1_41_HomingMineA - HngrAmb6
unused ; 199_1_41_HomingMineA - HngrAmb7
unused ; 199_1_41_HomingMineA - HngrAmb8
unused ; 199_1_41_HomingMineA - HngrAmb9
unused ; 200_1_42_HomingMineB - HngrAmb0
unused ; 200_1_42_HomingMineB - HngrAmb1
unused ; 200_1_42_HomingMineB - HngrAmb2
unused ; 200_1_42_HomingMineB - HngrAmb3
unused ; 200_1_42_HomingMineB - HngrAmb4
unused ; 200_1_42_HomingMineB - HngrAmb5
unused ; 200_1_42_HomingMineB - HngrAmb6
unused ; 200_1_42_HomingMineB - HngrAmb7
unused ; 200_1_42_HomingMineB - HngrAmb8
unused ; 200_1_42_HomingMineB - HngrAmb9
unused ; 201_1_45_ProximityMineA - HngrAmb0
unused ; 201_1_45_ProximityMineA - HngrAmb1
unused ; 201_1_45_ProximityMineA - HngrAmb2
unused ; 201_1_45_ProximityMineA - HngrAmb3
unused ; 201_1_45_ProximityMineA - HngrAmb4
unused ; 201_1_45_ProximityMineA - HngrAmb5
unused ; 201_1_45_ProximityMineA - HngrAmb6
unused ; 201_1_45_ProximityMineA - HngrAmb7
unused ; 201_1_45_ProximityMineA - HngrAmb8
unused ; 201_1_45_ProximityMineA - HngrAmb9
unused ; 202_1_46_ProximityMineB - HngrAmb0
unused ; 202_1_46_ProximityMineB - HngrAmb1
unused ; 202_1_46_ProximityMineB - HngrAmb2
unused ; 202_1_46_ProximityMineB - HngrAmb3
unused ; 202_1_46_ProximityMineB - HngrAmb4
unused ; 202_1_46_ProximityMineB - HngrAmb5
unused ; 202_1_46_ProximityMineB - HngrAmb6
unused ; 202_1_46_ProximityMineB - HngrAmb7
unused ; 202_1_46_ProximityMineB - HngrAmb8
unused ; 202_1_46_ProximityMineB - HngrAmb9
unused ; 203_1_51_RebelPilot - HngrAmb0
unused ; 203_1_51_RebelPilot - HngrAmb1
unused ; 203_1_51_RebelPilot - HngrAmb2
unused ; 203_1_51_RebelPilot - HngrAmb3
unused ; 203_1_51_RebelPilot - HngrAmb4
unused ; 203_1_51_RebelPilot - HngrAmb5
unused ; 203_1_51_RebelPilot - HngrAmb6
unused ; 203_1_51_RebelPilot - HngrAmb7
unused ; 203_1_51_RebelPilot - HngrAmb8
unused ; 203_1_51_RebelPilot - HngrAmb9
unused ; 204_1_52_ImperialPilot - HngrAmb0
unused ; 204_1_52_ImperialPilot - HngrAmb1
unused ; 204_1_52_ImperialPilot - HngrAmb2
unused ; 204_1_52_ImperialPilot - HngrAmb3
unused ; 204_1_52_ImperialPilot - HngrAmb4
unused ; 204_1_52_ImperialPilot - HngrAmb5
unused ; 204_1_52_ImperialPilot - HngrAmb6
unused ; 204_1_52_ImperialPilot - HngrAmb7
unused ; 204_1_52_ImperialPilot - HngrAmb8
unused ; 204_1_52_ImperialPilot - HngrAmb9
unused ; 205_1_53_CivilianPilot - HngrAmb0
unused ; 205_1_53_CivilianPilot - HngrAmb1
unused ; 205_1_53_CivilianPilot - HngrAmb2
unused ; 205_1_53_CivilianPilot - HngrAmb3
unused ; 205_1_53_CivilianPilot - HngrAmb4
unused ; 205_1_53_CivilianPilot - HngrAmb5
unused ; 205_1_53_CivilianPilot - HngrAmb6
unused ; 205_1_53_CivilianPilot - HngrAmb7
unused ; 205_1_53_CivilianPilot - HngrAmb8
unused ; 205_1_53_CivilianPilot - HngrAmb9
unused ; 206_1_54_ZeroGStormtrooper - HngrAmb0
unused ; 206_1_54_ZeroGStormtrooper - HngrAmb1
unused ; 206_1_54_ZeroGStormtrooper - HngrAmb2
unused ; 206_1_54_ZeroGStormtrooper - HngrAmb3
unused ; 206_1_54_ZeroGStormtrooper - HngrAmb4
unused ; 206_1_54_ZeroGStormtrooper - HngrAmb5
unused ; 206_1_54_ZeroGStormtrooper - HngrAmb6
unused ; 206_1_54_ZeroGStormtrooper - HngrAmb7
unused ; 206_1_54_ZeroGStormtrooper - HngrAmb8
unused ; 206_1_54_ZeroGStormtrooper - HngrAmb9
unused ; 207_1_55_ZeroGUtility - HngrAmb0
unused ; 207_1_55_ZeroGUtility - HngrAmb1
unused ; 207_1_55_ZeroGUtility - HngrAmb2
unused ; 207_1_55_ZeroGUtility - HngrAmb3
unused ; 207_1_55_ZeroGUtility - HngrAmb4
unused ; 207_1_55_ZeroGUtility - HngrAmb5
unused ; 207_1_55_ZeroGUtility - HngrAmb6
unused ; 207_1_55_ZeroGUtility - HngrAmb7
unused ; 207_1_55_ZeroGUtility - HngrAmb8
unused ; 207_1_55_ZeroGUtility - HngrAmb9
unused ; 208_1_56_Marko - HngrAmb0
unused ; 208_1_56_Marko - HngrAmb1
unused ; 208_1_56_Marko - HngrAmb2
unused ; 208_1_56_Marko - HngrAmb3
unused ; 208_1_56_Marko - HngrAmb4
unused ; 208_1_56_Marko - HngrAmb5
unused ; 208_1_56_Marko - HngrAmb6
unused ; 208_1_56_Marko - HngrAmb7
unused ; 208_1_56_Marko - HngrAmb8
unused ; 208_1_56_Marko - HngrAmb9
unused ; 209_1_57_R2D2 - HngrAmb0
unused ; 209_1_57_R2D2 - HngrAmb1
unused ; 209_1_57_R2D2 - HngrAmb2
unused ; 209_1_57_R2D2 - HngrAmb3
unused ; 209_1_57_R2D2 - HngrAmb4
unused ; 209_1_57_R2D2 - HngrAmb5
unused ; 209_1_57_R2D2 - HngrAmb6
unused ; 209_1_57_R2D2 - HngrAmb7
unused ; 209_1_57_R2D2 - HngrAmb8
unused ; 209_1_57_R2D2 - HngrAmb9
unused ; 210_1_0_SatB - HngrAmb0
unused ; 210_1_0_SatB - HngrAmb1
unused ; 210_1_0_SatB - HngrAmb2
unused ; 210_1_0_SatB - HngrAmb3
unused ; 210_1_0_SatB - HngrAmb4
unused ; 210_1_0_SatB - HngrAmb5
unused ; 210_1_0_SatB - HngrAmb6
unused ; 210_1_0_SatB - HngrAmb7
unused ; 210_1_0_SatB - HngrAmb8
unused ; 210_1_0_SatB - HngrAmb9
unused ; 211_1_1_SatC - HngrAmb0
unused ; 211_1_1_SatC - HngrAmb1
unused ; 211_1_1_SatC - HngrAmb2
unused ; 211_1_1_SatC - HngrAmb3
unused ; 211_1_1_SatC - HngrAmb4
unused ; 211_1_1_SatC - HngrAmb5
unused ; 211_1_1_SatC - HngrAmb6
unused ; 211_1_1_SatC - HngrAmb7
unused ; 211_1_1_SatC - HngrAmb8
unused ; 211_1_1_SatC - HngrAmb9
unused ; 212_1_2_SatD - HngrAmb0
unused ; 212_1_2_SatD - HngrAmb1
unused ; 212_1_2_SatD - HngrAmb2
unused ; 212_1_2_SatD - HngrAmb3
unused ; 212_1_2_SatD - HngrAmb4
unused ; 212_1_2_SatD - HngrAmb5
unused ; 212_1_2_SatD - HngrAmb6
unused ; 212_1_2_SatD - HngrAmb7
unused ; 212_1_2_SatD - HngrAmb8
unused ; 212_1_2_SatD - HngrAmb9
unused ; 213_1_7_Probe - HngrAmb0
unused ; 213_1_7_Probe - HngrAmb1
unused ; 213_1_7_Probe - HngrAmb2
unused ; 213_1_7_Probe - HngrAmb3
unused ; 213_1_7_Probe - HngrAmb4
unused ; 213_1_7_Probe - HngrAmb5
unused ; 213_1_7_Probe - HngrAmb6
unused ; 213_1_7_Probe - HngrAmb7
unused ; 213_1_7_Probe - HngrAmb8
unused ; 213_1_7_Probe - HngrAmb9
unused ; 214_1_50_ProbeCapsule - HngrAmb0
unused ; 214_1_50_ProbeCapsule - HngrAmb1
unused ; 214_1_50_ProbeCapsule - HngrAmb2
unused ; 214_1_50_ProbeCapsule - HngrAmb3
unused ; 214_1_50_ProbeCapsule - HngrAmb4
unused ; 214_1_50_ProbeCapsule - HngrAmb5
unused ; 214_1_50_ProbeCapsule - HngrAmb6
unused ; 214_1_50_ProbeCapsule - HngrAmb7
unused ; 214_1_50_ProbeCapsule - HngrAmb8
unused ; 214_1_50_ProbeCapsule - HngrAmb9
unused ; 215_1_47_BuoyC - HngrAmb0
unused ; 215_1_47_BuoyC - HngrAmb1
unused ; 215_1_47_BuoyC - HngrAmb2
unused ; 215_1_47_BuoyC - HngrAmb3
unused ; 215_1_47_BuoyC - HngrAmb4
unused ; 215_1_47_BuoyC - HngrAmb5
unused ; 215_1_47_BuoyC - HngrAmb6
unused ; 215_1_47_BuoyC - HngrAmb7
unused ; 215_1_47_BuoyC - HngrAmb8
unused ; 215_1_47_BuoyC - HngrAmb9
unused ; 216_1_48_BuoyB - HngrAmb0
unused ; 216_1_48_BuoyB - HngrAmb1
unused ; 216_1_48_BuoyB - HngrAmb2
unused ; 216_1_48_BuoyB - HngrAmb3
unused ; 216_1_48_BuoyB - HngrAmb4
unused ; 216_1_48_BuoyB - HngrAmb5
unused ; 216_1_48_BuoyB - HngrAmb6
unused ; 216_1_48_BuoyB - HngrAmb7
unused ; 216_1_48_BuoyB - HngrAmb8
unused ; 216_1_48_BuoyB - HngrAmb9
unused ; 217_1_49_BuoyRendez - HngrAmb0
unused ; 217_1_49_BuoyRendez - HngrAmb1
unused ; 217_1_49_BuoyRendez - HngrAmb2
unused ; 217_1_49_BuoyRendez - HngrAmb3
unused ; 217_1_49_BuoyRendez - HngrAmb4
unused ; 217_1_49_BuoyRendez - HngrAmb5
unused ; 217_1_49_BuoyRendez - HngrAmb6
unused ; 217_1_49_BuoyRendez - HngrAmb7
unused ; 217_1_49_BuoyRendez - HngrAmb8
unused ; 217_1_49_BuoyRendez - HngrAmb9
unused ; 218_1_8_BuoyFaux - HngrAmb0
unused ; 218_1_8_BuoyFaux - HngrAmb1
unused ; 218_1_8_BuoyFaux - HngrAmb2
unused ; 218_1_8_BuoyFaux - HngrAmb3
unused ; 218_1_8_BuoyFaux - HngrAmb4
unused ; 218_1_8_BuoyFaux - HngrAmb5
unused ; 218_1_8_BuoyFaux - HngrAmb6
unused ; 218_1_8_BuoyFaux - HngrAmb7
unused ; 218_1_8_BuoyFaux - HngrAmb8
unused ; 218_1_8_BuoyFaux - HngrAmb9
unused ; 219_1_3_MineA - HngrAmb0
unused ; 219_1_3_MineA - HngrAmb1
unused ; 219_1_3_MineA - HngrAmb2
unused ; 219_1_3_MineA - HngrAmb3
unused ; 219_1_3_MineA - HngrAmb4
unused ; 219_1_3_MineA - HngrAmb5
unused ; 219_1_3_MineA - HngrAmb6
unused ; 219_1_3_MineA - HngrAmb7
unused ; 219_1_3_MineA - HngrAmb8
unused ; 219_1_3_MineA - HngrAmb9
unused ; 220_1_4_MineB - HngrAmb0
unused ; 220_1_4_MineB - HngrAmb1
unused ; 220_1_4_MineB - HngrAmb2
unused ; 220_1_4_MineB - HngrAmb3
unused ; 220_1_4_MineB - HngrAmb4
unused ; 220_1_4_MineB - HngrAmb5
unused ; 220_1_4_MineB - HngrAmb6
unused ; 220_1_4_MineB - HngrAmb7
unused ; 220_1_4_MineB - HngrAmb8
unused ; 220_1_4_MineB - HngrAmb9
unused ; 221_1_5_MineC - HngrAmb0
unused ; 221_1_5_MineC - HngrAmb1
unused ; 221_1_5_MineC - HngrAmb2
unused ; 221_1_5_MineC - HngrAmb3
unused ; 221_1_5_MineC - HngrAmb4
unused ; 221_1_5_MineC - HngrAmb5
unused ; 221_1_5_MineC - HngrAmb6
unused ; 221_1_5_MineC - HngrAmb7
unused ; 221_1_5_MineC - HngrAmb8
unused ; 221_1_5_MineC - HngrAmb9
unused ; 222__1_0 - HngrAmb0
unused ; 222__1_0 - HngrAmb1
unused ; 222__1_0 - HngrAmb2
unused ; 222__1_0 - HngrAmb3
unused ; 222__1_0 - HngrAmb4
unused ; 222__1_0 - HngrAmb5
unused ; 222__1_0 - HngrAmb6
unused ; 222__1_0 - HngrAmb7
unused ; 222__1_0 - HngrAmb8
unused ; 222__1_0 - HngrAmb9
